Microsemi Libero Software
Version: 11.8.2.4
Release: Libero SoC v11.8 SP2

Info: The design MARS_MB_rev1_top.adb was last modified by software version 11.8.2.4.
Opened an existing Libero design MARS_MB_rev1_top.adb.
'BA_NAME' set to 'MARS_MB_rev1_top_ba'
'IDE_DESIGNERVIEW_NAME' set to 'Impl1'
'IDE_DESIGNERVIEW_COUNT' set to '1'
'IDE_DESIGNERVIEW_REV0' set to 'Impl1'
'IDE_DESIGNERVIEW_REVNUM0' set to '1'
'IDE_DESIGNERVIEW_ROOTDIR' set to
'C:\Users\johnk\OneDrive\NCSR_Demokritos\ESA\Test\MARS_DAQ\Firmware_MB_FPGA\designer'
'IDE_DESIGNERVIEW_LASTREV' set to '1'
Wrote timing report to file: MARS_MB_rev1_top_maxdelay_timing_report.txt

The Report command succeeded ( 00:00:02 )
Wrote timing report to file: MARS_MB_rev1_top_mindelay_timing_report.txt

The Report command succeeded ( 00:00:00 )
Wrote timing_violations report to file: MARS_MB_rev1_top_maxdelay_timingviolations_report.txt

The Report command succeeded ( 00:00:00 )
Wrote timing_violations report to file: MARS_MB_rev1_top_mindelay_timingviolations_report.txt

The Report command succeeded ( 00:00:00 )
Design saved to file
C:\Users\johnk\OneDrive\NCSR_Demokritos\ESA\Test\MARS_DAQ\Firmware_MB_FPGA\designer\impl1\MARS_\
MB_rev1_top.adb.

The Execute Script command succeeded ( 00:00:03 )
Design closed.

