BL51 BANKED LINKER/LOCATER V6.11                                                        12/04/2017  15:36:10  PAGE 1


BL51 BANKED LINKER/LOCATER V6.11, INVOKED BY:
C:\KEIL\C51\BIN\BL51.EXE fw.obj, dscr.obj, FX2_to_extsyncFIFO.obj, gpif.obj, .\USBJmpTb.OBJ, .\EZUSB.LIB TO FX2_to_extsy
>> ncFIFO RAMSIZE (256) DISABLEWARNING (16) CODE (0X0100) XDATA (0X1000)


MEMORY MODEL: SMALL


INPUT MODULES INCLUDED:
  fw.obj (FW)
  dscr.obj (DSCR)
  FX2_to_extsyncFIFO.obj (FX2_TO_EXTSYNCFIFO)
  gpif.obj (GPIF)
  .\USBJmpTb.OBJ (USBJMPTBL)
  .\EZUSB.LIB (RESUME)
  .\EZUSB.LIB (DISCON)
  .\EZUSB.LIB (EZREGS)
  .\EZUSB.LIB (GET_STRD)
  .\EZUSB.LIB (SUSP)
  .\EZUSB.LIB (DELAY)
  .\EZUSB.LIB (DELAY1MS)
  C:\KEIL\C51\LIB\C51S.LIB (?C_STARTUP)
  C:\KEIL\C51\LIB\C51S.LIB (?C?ULCMP)
  C:\KEIL\C51\LIB\C51S.LIB (?C_INIT)


LINK MAP OF MODULE:  FX2_to_extsyncFIFO (FW)


            TYPE    BASE      LENGTH    RELOCATION   SEGMENT NAME
            -----------------------------------------------------

            * * * * * * *   D A T A   M E M O R Y   * * * * * * *
            REG     0000H     0008H     ABSOLUTE     "REG BANK 0"
            DATA    0008H     0012H     UNIT         _DATA_GROUP_
                    001AH     0006H                  *** GAP ***
            BIT     0020H.0   0000H.4   UNIT         ?BI?FW
            BIT     0020H.4   0000H.1   UNIT         ?BI?FX2_TO_EXTSYNCFIFO
            BIT     0020H.5   0000H.1   UNIT         _BIT_GROUP_
                    0020H.6   0000H.2                *** GAP ***
            DATA    0021H     000EH     UNIT         ?DT?FW
            DATA    002FH     000DH     UNIT         ?DT?FX2_TO_EXTSYNCFIFO
            IDATA   003CH     0001H     UNIT         ?STACK

            * * * * * * *  X D A T A   M E M O R Y  * * * * * * *
                    0000H     1000H                  *** GAP ***
            XDATA   1000H     00ABH     UNIT         ?XD?GPIF
            XDATA   10ABH     0005H     UNIT         ?XD?FX2_TO_EXTSYNCFIFO
                    10B0H     6F50H                  *** GAP ***
            XDATA   8000H     0001H     ABSOLUTE     
                    8001H     00FFH                  *** GAP ***
            XDATA   8100H     0001H     ABSOLUTE     
                    8101H     0EFFH                  *** GAP ***
            XDATA   9000H     0001H     ABSOLUTE     
                    9001H     00FFH                  *** GAP ***
            XDATA   9100H     0001H     ABSOLUTE     
                    9101H     0EFFH                  *** GAP ***
            XDATA   A000H     0001H     ABSOLUTE     
BL51 BANKED LINKER/LOCATER V6.11                                                      12/04/2017  15:36:10  PAGE 2


                    A001H     00FFH                  *** GAP ***
            XDATA   A100H     0001H     ABSOLUTE     
                    A101H     0EFFH                  *** GAP ***
            XDATA   B000H     0001H     ABSOLUTE     
                    B001H     00FFH                  *** GAP ***
            XDATA   B100H     0001H     ABSOLUTE     
                    B101H     32FFH                  *** GAP ***
            XDATA   E400H     0001H     ABSOLUTE     
                    E401H     007FH                  *** GAP ***
            XDATA   E480H     0001H     ABSOLUTE     
                    E481H     008CH                  *** GAP ***
            XDATA   E50DH     0001H     ABSOLUTE     
                    E50EH     00F2H                  *** GAP ***
            XDATA   E600H     0001H     ABSOLUTE     
            XDATA   E601H     0001H     ABSOLUTE     
            XDATA   E602H     0001H     ABSOLUTE     
            XDATA   E603H     0001H     ABSOLUTE     
            XDATA   E604H     0001H     ABSOLUTE     
            XDATA   E605H     0001H     ABSOLUTE     
            XDATA   E606H     0001H     ABSOLUTE     
            XDATA   E607H     0001H     ABSOLUTE     
            XDATA   E608H     0001H     ABSOLUTE     
            XDATA   E609H     0001H     ABSOLUTE     
            XDATA   E60AH     0001H     ABSOLUTE     
            XDATA   E60BH     0001H     ABSOLUTE     
            XDATA   E60CH     0001H     ABSOLUTE     
                    E60DH     0003H                  *** GAP ***
            XDATA   E610H     0001H     ABSOLUTE     
            XDATA   E611H     0001H     ABSOLUTE     
            XDATA   E612H     0001H     ABSOLUTE     
            XDATA   E613H     0001H     ABSOLUTE     
            XDATA   E614H     0001H     ABSOLUTE     
            XDATA   E615H     0001H     ABSOLUTE     
                    E616H     0002H                  *** GAP ***
            XDATA   E618H     0001H     ABSOLUTE     
            XDATA   E619H     0001H     ABSOLUTE     
            XDATA   E61AH     0001H     ABSOLUTE     
            XDATA   E61BH     0001H     ABSOLUTE     
                    E61CH     0004H                  *** GAP ***
            XDATA   E620H     0001H     ABSOLUTE     
            XDATA   E621H     0001H     ABSOLUTE     
            XDATA   E622H     0001H     ABSOLUTE     
            XDATA   E623H     0001H     ABSOLUTE     
            XDATA   E624H     0001H     ABSOLUTE     
            XDATA   E625H     0001H     ABSOLUTE     
            XDATA   E626H     0001H     ABSOLUTE     
            XDATA   E627H     0001H     ABSOLUTE     
            XDATA   E628H     0001H     ABSOLUTE     
            XDATA   E629H     0001H     ABSOLUTE     
            XDATA   E62AH     0001H     ABSOLUTE     
            XDATA   E62BH     0001H     ABSOLUTE     
            XDATA   E62CH     0001H     ABSOLUTE     
            XDATA   E62DH     0001H     ABSOLUTE     
            XDATA   E62EH     0001H     ABSOLUTE     
            XDATA   E62FH     0001H     ABSOLUTE     
            XDATA   E630H     0001H     ABSOLUTE     
            XDATA   E631H     0001H     ABSOLUTE     
BL51 BANKED LINKER/LOCATER V6.11                                                      12/04/2017  15:36:10  PAGE 3


            XDATA   E632H     0001H     ABSOLUTE     
            XDATA   E633H     0001H     ABSOLUTE     
            XDATA   E634H     0001H     ABSOLUTE     
            XDATA   E635H     0001H     ABSOLUTE     
            XDATA   E636H     0001H     ABSOLUTE     
            XDATA   E637H     0001H     ABSOLUTE     
                    E638H     0008H                  *** GAP ***
            XDATA   E640H     0001H     ABSOLUTE     
            XDATA   E641H     0001H     ABSOLUTE     
            XDATA   E642H     0001H     ABSOLUTE     
            XDATA   E643H     0001H     ABSOLUTE     
                    E644H     0004H                  *** GAP ***
            XDATA   E648H     0001H     ABSOLUTE     
            XDATA   E649H     0001H     ABSOLUTE     
                    E64AH     0006H                  *** GAP ***
            XDATA   E650H     0001H     ABSOLUTE     
            XDATA   E651H     0001H     ABSOLUTE     
            XDATA   E652H     0001H     ABSOLUTE     
            XDATA   E653H     0001H     ABSOLUTE     
            XDATA   E654H     0001H     ABSOLUTE     
            XDATA   E655H     0001H     ABSOLUTE     
            XDATA   E656H     0001H     ABSOLUTE     
            XDATA   E657H     0001H     ABSOLUTE     
            XDATA   E658H     0001H     ABSOLUTE     
            XDATA   E659H     0001H     ABSOLUTE     
            XDATA   E65AH     0001H     ABSOLUTE     
            XDATA   E65BH     0001H     ABSOLUTE     
            XDATA   E65CH     0001H     ABSOLUTE     
            XDATA   E65DH     0001H     ABSOLUTE     
            XDATA   E65EH     0001H     ABSOLUTE     
            XDATA   E65FH     0001H     ABSOLUTE     
            XDATA   E660H     0001H     ABSOLUTE     
            XDATA   E661H     0001H     ABSOLUTE     
            XDATA   E662H     0001H     ABSOLUTE     
            XDATA   E663H     0001H     ABSOLUTE     
            XDATA   E664H     0001H     ABSOLUTE     
            XDATA   E665H     0001H     ABSOLUTE     
            XDATA   E666H     0001H     ABSOLUTE     
            XDATA   E667H     0001H     ABSOLUTE     
            XDATA   E668H     0001H     ABSOLUTE     
                    E669H     0007H                  *** GAP ***
            XDATA   E670H     0001H     ABSOLUTE     
            XDATA   E671H     0001H     ABSOLUTE     
            XDATA   E672H     0001H     ABSOLUTE     
                    E673H     0005H                  *** GAP ***
            XDATA   E678H     0001H     ABSOLUTE     
            XDATA   E679H     0001H     ABSOLUTE     
            XDATA   E67AH     0001H     ABSOLUTE     
            XDATA   E67BH     0001H     ABSOLUTE     
            XDATA   E67CH     0001H     ABSOLUTE     
            XDATA   E67DH     0001H     ABSOLUTE     
            XDATA   E67EH     0001H     ABSOLUTE     
            XDATA   E67FH     0001H     ABSOLUTE     
            XDATA   E680H     0001H     ABSOLUTE     
            XDATA   E681H     0001H     ABSOLUTE     
            XDATA   E682H     0001H     ABSOLUTE     
            XDATA   E683H     0001H     ABSOLUTE     
BL51 BANKED LINKER/LOCATER V6.11                                                      12/04/2017  15:36:10  PAGE 4


            XDATA   E684H     0001H     ABSOLUTE     
            XDATA   E685H     0001H     ABSOLUTE     
            XDATA   E686H     0001H     ABSOLUTE     
            XDATA   E687H     0001H     ABSOLUTE     
                    E688H     0002H                  *** GAP ***
            XDATA   E68AH     0001H     ABSOLUTE     
            XDATA   E68BH     0001H     ABSOLUTE     
                    E68CH     0001H                  *** GAP ***
            XDATA   E68DH     0001H     ABSOLUTE     
                    E68EH     0001H                  *** GAP ***
            XDATA   E68FH     0001H     ABSOLUTE     
            XDATA   E690H     0001H     ABSOLUTE     
            XDATA   E691H     0001H     ABSOLUTE     
                    E692H     0002H                  *** GAP ***
            XDATA   E694H     0001H     ABSOLUTE     
            XDATA   E695H     0001H     ABSOLUTE     
                    E696H     0002H                  *** GAP ***
            XDATA   E698H     0001H     ABSOLUTE     
            XDATA   E699H     0001H     ABSOLUTE     
                    E69AH     0002H                  *** GAP ***
            XDATA   E69CH     0001H     ABSOLUTE     
            XDATA   E69DH     0001H     ABSOLUTE     
                    E69EH     0002H                  *** GAP ***
            XDATA   E6A0H     0001H     ABSOLUTE     
            XDATA   E6A1H     0001H     ABSOLUTE     
            XDATA   E6A2H     0001H     ABSOLUTE     
            XDATA   E6A3H     0001H     ABSOLUTE     
            XDATA   E6A4H     0001H     ABSOLUTE     
            XDATA   E6A5H     0001H     ABSOLUTE     
            XDATA   E6A6H     0001H     ABSOLUTE     
            XDATA   E6A7H     0001H     ABSOLUTE     
            XDATA   E6A8H     0001H     ABSOLUTE     
            XDATA   E6A9H     0001H     ABSOLUTE     
            XDATA   E6AAH     0001H     ABSOLUTE     
            XDATA   E6ABH     0001H     ABSOLUTE     
            XDATA   E6ACH     0001H     ABSOLUTE     
            XDATA   E6ADH     0001H     ABSOLUTE     
            XDATA   E6AEH     0001H     ABSOLUTE     
            XDATA   E6AFH     0001H     ABSOLUTE     
            XDATA   E6B0H     0001H     ABSOLUTE     
            XDATA   E6B1H     0001H     ABSOLUTE     
            XDATA   E6B2H     0001H     ABSOLUTE     
            XDATA   E6B3H     0001H     ABSOLUTE     
            XDATA   E6B4H     0001H     ABSOLUTE     
            XDATA   E6B5H     0001H     ABSOLUTE     
                    E6B6H     0002H                  *** GAP ***
            XDATA   E6B8H     0008H     ABSOLUTE     
            XDATA   E6C0H     0001H     ABSOLUTE     
            XDATA   E6C1H     0001H     ABSOLUTE     
            XDATA   E6C2H     0001H     ABSOLUTE     
            XDATA   E6C3H     0001H     ABSOLUTE     
            XDATA   E6C4H     0001H     ABSOLUTE     
            XDATA   E6C5H     0001H     ABSOLUTE     
            XDATA   E6C6H     0001H     ABSOLUTE     
            XDATA   E6C7H     0001H     ABSOLUTE     
            XDATA   E6C8H     0001H     ABSOLUTE     
            XDATA   E6C9H     0001H     ABSOLUTE     
BL51 BANKED LINKER/LOCATER V6.11                                                      12/04/2017  15:36:10  PAGE 5


            XDATA   E6CAH     0001H     ABSOLUTE     
            XDATA   E6CBH     0001H     ABSOLUTE     
            XDATA   E6CCH     0001H     ABSOLUTE     
            XDATA   E6CDH     0001H     ABSOLUTE     
            XDATA   E6CEH     0001H     ABSOLUTE     
            XDATA   E6CFH     0001H     ABSOLUTE     
            XDATA   E6D0H     0001H     ABSOLUTE     
            XDATA   E6D1H     0001H     ABSOLUTE     
            XDATA   E6D2H     0001H     ABSOLUTE     
            XDATA   E6D3H     0001H     ABSOLUTE     
            XDATA   E6D4H     0001H     ABSOLUTE     
                    E6D5H     0005H                  *** GAP ***
            XDATA   E6DAH     0001H     ABSOLUTE     
            XDATA   E6DBH     0001H     ABSOLUTE     
            XDATA   E6DCH     0001H     ABSOLUTE     
                    E6DDH     0005H                  *** GAP ***
            XDATA   E6E2H     0001H     ABSOLUTE     
            XDATA   E6E3H     0001H     ABSOLUTE     
            XDATA   E6E4H     0001H     ABSOLUTE     
                    E6E5H     0005H                  *** GAP ***
            XDATA   E6EAH     0001H     ABSOLUTE     
            XDATA   E6EBH     0001H     ABSOLUTE     
            XDATA   E6ECH     0001H     ABSOLUTE     
                    E6EDH     0003H                  *** GAP ***
            XDATA   E6F0H     0001H     ABSOLUTE     
            XDATA   E6F1H     0001H     ABSOLUTE     
            XDATA   E6F2H     0001H     ABSOLUTE     
            XDATA   E6F3H     0001H     ABSOLUTE     
            XDATA   E6F4H     0001H     ABSOLUTE     
            XDATA   E6F5H     0001H     ABSOLUTE     
                    E6F6H     0002H                  *** GAP ***
            XDATA   E6F8H     0001H     ABSOLUTE     
            XDATA   E6F9H     0001H     ABSOLUTE     
            XDATA   E6FAH     0001H     ABSOLUTE     
            XDATA   E6FBH     0001H     ABSOLUTE     
            XDATA   E6FCH     0001H     ABSOLUTE     
            XDATA   E6FDH     0001H     ABSOLUTE     
            XDATA   E6FEH     0001H     ABSOLUTE     
                    E6FFH     0041H                  *** GAP ***
            XDATA   E740H     0040H     ABSOLUTE     
            XDATA   E780H     0040H     ABSOLUTE     
            XDATA   E7C0H     0040H     ABSOLUTE     
                    E800H     0800H                  *** GAP ***
            XDATA   F000H     0400H     ABSOLUTE     
            XDATA   F400H     0400H     ABSOLUTE     
            XDATA   F800H     0400H     ABSOLUTE     
            XDATA   FC00H     0400H     ABSOLUTE     

            * * * * * * *   C O D E   M E M O R Y   * * * * * * *
            CODE    0000H     0003H     ABSOLUTE     
                    0003H     0030H                  *** GAP ***
            CODE    0033H     0003H     ABSOLUTE     
                    0036H     000DH                  *** GAP ***
            CODE    0043H     0003H     ABSOLUTE     
                    0046H     000DH                  *** GAP ***
            CODE    0053H     0003H     ABSOLUTE     
                    0056H     00AAH                  *** GAP ***
BL51 BANKED LINKER/LOCATER V6.11                                                      12/04/2017  15:36:10  PAGE 6


            CODE    0100H     029AH     UNIT         ?PR?SETUPCOMMAND?FW
            CODE    039AH     01DAH     UNIT         ?PR?MAIN?FW
            CODE    0574H     018CH     UNIT         ?PR?DR_VENDORCMND?FX2_TO_EXTSYNCFIFO
            CODE    0700H     00D4H     UNIT         ?C_INITSEG
            CODE    07D4H     00BBH     UNIT         ?PR?GPIFINIT?GPIF
            CODE    088FH     0047H     UNIT         ?PR?_LED_OFF?FX2_TO_EXTSYNCFIFO
            CODE    08D6H     0025H     UNIT         EZUSB
            CODE    08FBH     0004H     UNIT         ?PR?RESUME_ISR?FW
            CODE    08FFH     0001H     UNIT         ?PR?TD_POLL?FX2_TO_EXTSYNCFIFO
            CODE    0900H     00B8H     PAGE         ?PR?USB_JUMP_TABLE?USBJT
            CODE    09B8H     0047H     UNIT         ?PR?_LED_ON?FX2_TO_EXTSYNCFIFO
            CODE    09FFH     0001H     UNIT         ?PR?ISR_EP0ACK?FX2_TO_EXTSYNCFIFO
            CODE    0A00H     00A8H     PAGE         DSCR
            CODE    0AA8H     009DH     UNIT         ?PR?TD_INIT?FX2_TO_EXTSYNCFIFO
            CODE    0B45H     008CH     UNIT         ?C_C51STARTUP
            CODE    0BD1H     0046H     UNIT         ?PR?_EZUSB_DELAY?DELAY
            CODE    0C17H     003DH     UNIT         ?PR?ISR_HIGHSPEED?FX2_TO_EXTSYNCFIFO
            CODE    0C54H     0036H     UNIT         ?PR?ISR_URES?FX2_TO_EXTSYNCFIFO
            CODE    0C8AH     002FH     UNIT         ?PR?EZUSB_DISCON?DISCON
            CODE    0CB9H     002CH     UNIT         ?PR?EZUSB_RESUME?RESUME
            CODE    0CE5H     002BH     UNIT         ?PR?_EZUSB_GETSTRINGDSCR?GET_STRD
            CODE    0D10H     0018H     UNIT         ?PR?ISR_SUDAV?FX2_TO_EXTSYNCFIFO
            CODE    0D28H     0018H     UNIT         ?PR?ISR_SUSP?FX2_TO_EXTSYNCFIFO
            CODE    0D40H     0016H     UNIT         ?PR?ISR_SUTOK?FX2_TO_EXTSYNCFIFO
            CODE    0D56H     0016H     UNIT         ?PR?ISR_SOF?FX2_TO_EXTSYNCFIFO
            CODE    0D6CH     0012H     UNIT         ?PR?DR_GETCONFIGURATION?FX2_TO_EXTSYNCFIFO
            CODE    0D7EH     0012H     UNIT         ?PR?DR_GETINTERFACE?FX2_TO_EXTSYNCFIFO
            CODE    0D90H     0011H     UNIT         ?C?LIB_CODE
            CODE    0DA1H     000AH     UNIT         ?CO?FW
            CODE    0DABH     0008H     UNIT         ?PR?DR_SETCONFIGURATION?FX2_TO_EXTSYNCFIFO
            CODE    0DB3H     0008H     UNIT         ?PR?DR_SETINTERFACE?FX2_TO_EXTSYNCFIFO
            CODE    0DBBH     0002H     UNIT         ?PR?TD_SUSPEND?FX2_TO_EXTSYNCFIFO
            CODE    0DBDH     0002H     UNIT         ?PR?TD_RESUME?FX2_TO_EXTSYNCFIFO
            CODE    0DBFH     0002H     UNIT         ?PR?DR_GETDESCRIPTOR?FX2_TO_EXTSYNCFIFO
            CODE    0DC1H     0002H     UNIT         ?PR?DR_GETSTATUS?FX2_TO_EXTSYNCFIFO
            CODE    0DC3H     0002H     UNIT         ?PR?DR_CLEARFEATURE?FX2_TO_EXTSYNCFIFO
            CODE    0DC5H     0002H     UNIT         ?PR?DR_SETFEATURE?FX2_TO_EXTSYNCFIFO
            CODE    0DC7H     0001H     UNIT         ?PR?ISR_STUB?FX2_TO_EXTSYNCFIFO
            CODE    0DC8H     0001H     UNIT         ?PR?ISR_EP0IN?FX2_TO_EXTSYNCFIFO
            CODE    0DC9H     0001H     UNIT         ?PR?ISR_EP0OUT?FX2_TO_EXTSYNCFIFO
            CODE    0DCAH     0001H     UNIT         ?PR?ISR_EP1IN?FX2_TO_EXTSYNCFIFO
            CODE    0DCBH     0001H     UNIT         ?PR?ISR_EP1OUT?FX2_TO_EXTSYNCFIFO
            CODE    0DCCH     0001H     UNIT         ?PR?ISR_EP2INOUT?FX2_TO_EXTSYNCFIFO
            CODE    0DCDH     0001H     UNIT         ?PR?ISR_EP4INOUT?FX2_TO_EXTSYNCFIFO
            CODE    0DCEH     0001H     UNIT         ?PR?ISR_EP6INOUT?FX2_TO_EXTSYNCFIFO
            CODE    0DCFH     0001H     UNIT         ?PR?ISR_EP8INOUT?FX2_TO_EXTSYNCFIFO
            CODE    0DD0H     0001H     UNIT         ?PR?ISR_IBN?FX2_TO_EXTSYNCFIFO
            CODE    0DD1H     0001H     UNIT         ?PR?ISR_EP0PINGNAK?FX2_TO_EXTSYNCFIFO
            CODE    0DD2H     0001H     UNIT         ?PR?ISR_EP1PINGNAK?FX2_TO_EXTSYNCFIFO
            CODE    0DD3H     0001H     UNIT         ?PR?ISR_EP2PINGNAK?FX2_TO_EXTSYNCFIFO
            CODE    0DD4H     0001H     UNIT         ?PR?ISR_EP4PINGNAK?FX2_TO_EXTSYNCFIFO
            CODE    0DD5H     0001H     UNIT         ?PR?ISR_EP6PINGNAK?FX2_TO_EXTSYNCFIFO
            CODE    0DD6H     0001H     UNIT         ?PR?ISR_EP8PINGNAK?FX2_TO_EXTSYNCFIFO
            CODE    0DD7H     0001H     UNIT         ?PR?ISR_ERRORLIMIT?FX2_TO_EXTSYNCFIFO
            CODE    0DD8H     0001H     UNIT         ?PR?ISR_EP2PIDERROR?FX2_TO_EXTSYNCFIFO
            CODE    0DD9H     0001H     UNIT         ?PR?ISR_EP4PIDERROR?FX2_TO_EXTSYNCFIFO
            CODE    0DDAH     0001H     UNIT         ?PR?ISR_EP6PIDERROR?FX2_TO_EXTSYNCFIFO
BL51 BANKED LINKER/LOCATER V6.11                                                      12/04/2017  15:36:10  PAGE 7


            CODE    0DDBH     0001H     UNIT         ?PR?ISR_EP8PIDERROR?FX2_TO_EXTSYNCFIFO
            CODE    0DDCH     0001H     UNIT         ?PR?ISR_EP2PFLAG?FX2_TO_EXTSYNCFIFO
            CODE    0DDDH     0001H     UNIT         ?PR?ISR_EP4PFLAG?FX2_TO_EXTSYNCFIFO
            CODE    0DDEH     0001H     UNIT         ?PR?ISR_EP6PFLAG?FX2_TO_EXTSYNCFIFO
            CODE    0DDFH     0001H     UNIT         ?PR?ISR_EP8PFLAG?FX2_TO_EXTSYNCFIFO
            CODE    0DE0H     0001H     UNIT         ?PR?ISR_EP2EFLAG?FX2_TO_EXTSYNCFIFO
            CODE    0DE1H     0001H     UNIT         ?PR?ISR_EP4EFLAG?FX2_TO_EXTSYNCFIFO
            CODE    0DE2H     0001H     UNIT         ?PR?ISR_EP6EFLAG?FX2_TO_EXTSYNCFIFO
            CODE    0DE3H     0001H     UNIT         ?PR?ISR_EP8EFLAG?FX2_TO_EXTSYNCFIFO
            CODE    0DE4H     0001H     UNIT         ?PR?ISR_EP2FFLAG?FX2_TO_EXTSYNCFIFO
            CODE    0DE5H     0001H     UNIT         ?PR?ISR_EP4FFLAG?FX2_TO_EXTSYNCFIFO
            CODE    0DE6H     0001H     UNIT         ?PR?ISR_EP6FFLAG?FX2_TO_EXTSYNCFIFO
            CODE    0DE7H     0001H     UNIT         ?PR?ISR_EP8FFLAG?FX2_TO_EXTSYNCFIFO
            CODE    0DE8H     0001H     UNIT         ?PR?ISR_GPIFCOMPLETE?FX2_TO_EXTSYNCFIFO
            CODE    0DE9H     0001H     UNIT         ?PR?ISR_GPIFWAVEFORM?FX2_TO_EXTSYNCFIFO



OVERLAY MAP OF MODULE:   FX2_to_extsyncFIFO (FW)


SEGMENT                                             BIT_GROUP          DATA_GROUP 
  +--> CALLED SEGMENT                            START    LENGTH     START    LENGTH
------------------------------------------------------------------------------------
?PR?USB_JUMP_TABLE?USBJT                         -----    -----      -----    -----
  +--> ?PR?ISR_SUDAV?FX2_TO_EXTSYNCFIFO
  +--> ?PR?ISR_SOF?FX2_TO_EXTSYNCFIFO
  +--> ?PR?ISR_SUTOK?FX2_TO_EXTSYNCFIFO
  +--> ?PR?ISR_SUSP?FX2_TO_EXTSYNCFIFO
  +--> ?PR?ISR_URES?FX2_TO_EXTSYNCFIFO
  +--> ?PR?ISR_HIGHSPEED?FX2_TO_EXTSYNCFIFO
  +--> ?PR?ISR_EP0ACK?FX2_TO_EXTSYNCFIFO
  +--> ?PR?ISR_STUB?FX2_TO_EXTSYNCFIFO
  +--> ?PR?ISR_EP0IN?FX2_TO_EXTSYNCFIFO
  +--> ?PR?ISR_EP0OUT?FX2_TO_EXTSYNCFIFO
  +--> ?PR?ISR_EP1IN?FX2_TO_EXTSYNCFIFO
  +--> ?PR?ISR_EP1OUT?FX2_TO_EXTSYNCFIFO
  +--> ?PR?ISR_EP2INOUT?FX2_TO_EXTSYNCFIFO
  +--> ?PR?ISR_EP4INOUT?FX2_TO_EXTSYNCFIFO
  +--> ?PR?ISR_EP6INOUT?FX2_TO_EXTSYNCFIFO
  +--> ?PR?ISR_EP8INOUT?FX2_TO_EXTSYNCFIFO
  +--> ?PR?ISR_IBN?FX2_TO_EXTSYNCFIFO
  +--> ?PR?ISR_EP0PINGNAK?FX2_TO_EXTSYNCFIFO
  +--> ?PR?ISR_EP1PINGNAK?FX2_TO_EXTSYNCFIFO
  +--> ?PR?ISR_EP2PINGNAK?FX2_TO_EXTSYNCFIFO
  +--> ?PR?ISR_EP4PINGNAK?FX2_TO_EXTSYNCFIFO
  +--> ?PR?ISR_EP6PINGNAK?FX2_TO_EXTSYNCFIFO
  +--> ?PR?ISR_EP8PINGNAK?FX2_TO_EXTSYNCFIFO
  +--> ?PR?ISR_ERRORLIMIT?FX2_TO_EXTSYNCFIFO
  +--> ?PR?ISR_EP2PIDERROR?FX2_TO_EXTSYNCFIFO
  +--> ?PR?ISR_EP4PIDERROR?FX2_TO_EXTSYNCFIFO
  +--> ?PR?ISR_EP6PIDERROR?FX2_TO_EXTSYNCFIFO
  +--> ?PR?ISR_EP8PIDERROR?FX2_TO_EXTSYNCFIFO
  +--> ?PR?ISR_EP2PFLAG?FX2_TO_EXTSYNCFIFO
  +--> ?PR?ISR_EP4PFLAG?FX2_TO_EXTSYNCFIFO
  +--> ?PR?ISR_EP6PFLAG?FX2_TO_EXTSYNCFIFO
  +--> ?PR?ISR_EP8PFLAG?FX2_TO_EXTSYNCFIFO
BL51 BANKED LINKER/LOCATER V6.11                                                      12/04/2017  15:36:10  PAGE 8


  +--> ?PR?ISR_EP2EFLAG?FX2_TO_EXTSYNCFIFO
  +--> ?PR?ISR_EP4EFLAG?FX2_TO_EXTSYNCFIFO
  +--> ?PR?ISR_EP6EFLAG?FX2_TO_EXTSYNCFIFO
  +--> ?PR?ISR_EP8EFLAG?FX2_TO_EXTSYNCFIFO
  +--> ?PR?ISR_EP2FFLAG?FX2_TO_EXTSYNCFIFO
  +--> ?PR?ISR_EP4FFLAG?FX2_TO_EXTSYNCFIFO
  +--> ?PR?ISR_EP6FFLAG?FX2_TO_EXTSYNCFIFO
  +--> ?PR?ISR_EP8FFLAG?FX2_TO_EXTSYNCFIFO
  +--> ?PR?ISR_GPIFCOMPLETE?FX2_TO_EXTSYNCFIFO
  +--> ?PR?ISR_GPIFWAVEFORM?FX2_TO_EXTSYNCFIFO

*** NEW ROOT ***************************************************

?C_C51STARTUP                                    -----    -----      -----    -----
  +--> ?PR?MAIN?FW
  +--> ?C_INITSEG

?PR?MAIN?FW                                      -----    -----      0008H    0010H
  +--> ?PR?TD_INIT?FX2_TO_EXTSYNCFIFO
  +--> ?PR?EZUSB_DISCON?DISCON
  +--> ?PR?SETUPCOMMAND?FW
  +--> ?PR?TD_SUSPEND?FX2_TO_EXTSYNCFIFO
  +--> ?PR?EZUSB_RESUME?RESUME
  +--> ?PR?TD_RESUME?FX2_TO_EXTSYNCFIFO
  +--> ?PR?TD_POLL?FX2_TO_EXTSYNCFIFO

?PR?EZUSB_DISCON?DISCON                          0020H.5  0000H.1    -----    -----
  +--> ?PR?_EZUSB_DELAY?DELAY

?PR?_EZUSB_DELAY?DELAY                           -----    -----      0018H    0002H

?PR?SETUPCOMMAND?FW                              -----    -----      -----    -----
  +--> ?PR?DR_GETDESCRIPTOR?FX2_TO_EXTSYNCFIFO
  +--> ?PR?_EZUSB_GETSTRINGDSCR?GET_STRD
  +--> ?PR?DR_GETINTERFACE?FX2_TO_EXTSYNCFIFO
  +--> ?PR?DR_SETINTERFACE?FX2_TO_EXTSYNCFIFO
  +--> ?PR?DR_SETCONFIGURATION?FX2_TO_EXTSYN...
  +--> ?PR?DR_GETCONFIGURATION?FX2_TO_EXTSYN...
  +--> ?PR?DR_GETSTATUS?FX2_TO_EXTSYNCFIFO
  +--> ?CO?FW
  +--> ?PR?DR_CLEARFEATURE?FX2_TO_EXTSYNCFIFO
  +--> ?PR?DR_SETFEATURE?FX2_TO_EXTSYNCFIFO
  +--> ?PR?DR_VENDORCMND?FX2_TO_EXTSYNCFIFO

?PR?EZUSB_RESUME?RESUME                          -----    -----      -----    -----
  +--> ?PR?_EZUSB_DELAY?DELAY



SYMBOL TABLE OF MODULE:  FX2_to_extsyncFIFO (FW)

  VALUE           TYPE          NAME
  ----------------------------------

  -------         MODULE        FW
  C:0000H         SYMBOL        _ICE_DUMMY_
  B:00A8H.7       PUBLIC        EA
BL51 BANKED LINKER/LOCATER V6.11                                                      12/04/2017  15:36:10  PAGE 9


  B:0020H.0       PUBLIC        Rwuen
  B:0020H.1       PUBLIC        GotSUD
  C:0DA1H         PUBLIC        EPCS_Offset_Lookup_Table
  C:039AH         PUBLIC        main
  B:00E8H.0       PUBLIC        EUSB
  C:08FBH         PUBLIC        resume_isr
  D:0021H         PUBLIC        pHighSpeedConfigDscr
  D:0023H         PUBLIC        pDeviceDscr
  C:0100H         PUBLIC        SetupCommand
  D:0025H         PUBLIC        pConfigDscr
  D:0027H         PUBLIC        pOtherConfigDscr
  D:0029H         PUBLIC        pFullSpeedConfigDscr
  B:0020H.2       PUBLIC        Selfpwr
  D:002BH         PUBLIC        pDeviceQualDscr
  D:00D8H         PUBLIC        EICON
  D:008EH         PUBLIC        CKCON
  D:002DH         PUBLIC        pStringDscr
  B:0020H.3       PUBLIC        Sleep
  -------         PROC          MAIN
  -------         DO            
  D:0008H         SYMBOL        i
  D:0006H         SYMBOL        offset
  D:000CH         SYMBOL        DevDescrLen
  D:0010H         SYMBOL        j
  D:0014H         SYMBOL        IntDescrAddr
  D:0016H         SYMBOL        ExtDescrAddr
  -------         ENDDO         
  C:039AH         LINE#         106
  C:039AH         LINE#         107
  C:039AH         LINE#         111
  C:03A3H         LINE#         116
  C:03A5H         LINE#         117
  C:03A7H         LINE#         118
  C:03A9H         LINE#         119
  C:03ABH         LINE#         122
  C:03AEH         LINE#         130
  C:03B6H         LINE#         131
  C:03BCH         LINE#         132
  C:03C2H         LINE#         133
  C:03C8H         LINE#         134
  C:03CEH         LINE#         136
  C:03D5H         LINE#         137
  C:03D5H         LINE#         138
  C:03DBH         LINE#         139
  C:03E1H         LINE#         140
  C:03E3H         LINE#         142
  C:03E3H         LINE#         143
  C:03E9H         LINE#         144
  C:03EFH         LINE#         145
  C:03EFH         LINE#         147
  C:03F7H         LINE#         148
  C:03F7H         LINE#         149
  C:03FDH         LINE#         150
  C:0405H         LINE#         151
  C:041DH         LINE#         152
  C:043BH         LINE#         153
  C:0465H         LINE#         154
BL51 BANKED LINKER/LOCATER V6.11                                                      12/04/2017  15:36:10  PAGE 10


  C:0484H         LINE#         155
  C:04BBH         LINE#         156
  C:04C1H         LINE#         157
  C:04CBH         LINE#         158
  C:04D6H         LINE#         159
  C:04E1H         LINE#         160
  C:04ECH         LINE#         161
  C:04F7H         LINE#         162
  C:0502H         LINE#         163
  C:050DH         LINE#         164
  C:050DH         LINE#         166
  C:050FH         LINE#         167
  C:0512H         LINE#         169
  C:0519H         LINE#         171
  C:0520H         LINE#         172
  C:0522H         LINE#         178
  C:0529H         LINE#         179
  C:0529H         LINE#         180
  C:052EH         LINE#         181
  C:052EH         LINE#         187
  C:0535H         LINE#         189
  C:0538H         LINE#         192
  C:053AH         LINE#         195
  C:053AH         LINE#         196
  C:053AH         LINE#         197
  C:053DH         LINE#         198
  C:053DH         LINE#         199
  C:0540H         LINE#         200
  C:0542H         LINE#         201
  C:0542H         LINE#         208
  C:0545H         LINE#         209
  C:0545H         LINE#         210
  C:054AH         LINE#         211
  C:054AH         LINE#         212
  C:054CH         LINE#         214
  C:054CH         LINE#         215
  C:054FH         LINE#         216
  C:054FH         LINE#         217
  C:0568H         LINE#         222
  C:056BH         LINE#         223
  C:056EH         LINE#         224
  C:056EH         LINE#         225
  C:056EH         LINE#         226
  C:0571H         LINE#         227
  -------         ENDPROC       MAIN
  -------         PROC          SETUPCOMMAND
  -------         DO            
  D:0001H         SYMBOL        dscr_ptr
  -------         ENDDO         
  C:0100H         LINE#         231
  C:0100H         LINE#         232
  C:0100H         LINE#         235
  C:0136H         LINE#         236
  C:0136H         LINE#         237
  C:0136H         LINE#         238
  C:013EH         LINE#         239
  C:0154H         LINE#         240
BL51 BANKED LINKER/LOCATER V6.11                                                      12/04/2017  15:36:10  PAGE 11


  C:0154H         LINE#         241
  C:0154H         LINE#         242
  C:015AH         LINE#         243
  C:0160H         LINE#         244
  C:0163H         LINE#         245
  C:0163H         LINE#         246
  C:0169H         LINE#         247
  C:016FH         LINE#         248
  C:0172H         LINE#         249
  C:0172H         LINE#         250
  C:0178H         LINE#         251
  C:017EH         LINE#         252
  C:0181H         LINE#         253
  C:0181H         LINE#         254
  C:0187H         LINE#         255
  C:018DH         LINE#         256
  C:0190H         LINE#         257
  C:0190H         LINE#         258
  C:01A3H         LINE#         259
  C:01A3H         LINE#         260
  C:01A8H         LINE#         261
  C:01ADH         LINE#         262
  C:01B0H         LINE#         264
  C:01B7H         LINE#         265
  C:01BAH         LINE#         266
  C:01BAH         LINE#         267
  C:01C1H         LINE#         268
  C:01C1H         LINE#         269
  C:01C4H         LINE#         270
  C:01C4H         LINE#         271
  C:01C7H         LINE#         272
  C:01CAH         LINE#         273
  C:01CAH         LINE#         274
  C:01CDH         LINE#         275
  C:01D0H         LINE#         276
  C:01D0H         LINE#         277
  C:01D3H         LINE#         278
  C:01D6H         LINE#         279
  C:01D6H         LINE#         280
  C:01D9H         LINE#         281
  C:01DCH         LINE#         282
  C:01DCH         LINE#         283
  C:01E4H         LINE#         284
  C:01F6H         LINE#         285
  C:01F6H         LINE#         286
  C:01F6H         LINE#         287
  C:0207H         LINE#         288
  C:020AH         LINE#         289
  C:020EH         LINE#         290
  C:0214H         LINE#         291
  C:0217H         LINE#         292
  C:0217H         LINE#         293
  C:021CH         LINE#         294
  C:021EH         LINE#         295
  C:0222H         LINE#         296
  C:0228H         LINE#         297
  C:022BH         LINE#         298
BL51 BANKED LINKER/LOCATER V6.11                                                      12/04/2017  15:36:10  PAGE 12


  C:022BH         LINE#         299
  C:026BH         LINE#         300
  C:026EH         LINE#         301
  C:0272H         LINE#         302
  C:0278H         LINE#         303
  C:027BH         LINE#         304
  C:027BH         LINE#         305
  C:0282H         LINE#         306
  C:0282H         LINE#         307
  C:0285H         LINE#         308
  C:0285H         LINE#         309
  C:028DH         LINE#         310
  C:029CH         LINE#         311
  C:029CH         LINE#         312
  C:029CH         LINE#         313
  C:02A3H         LINE#         314
  C:02A8H         LINE#         316
  C:02AFH         LINE#         317
  C:02B2H         LINE#         318
  C:02B2H         LINE#         319
  C:02B8H         LINE#         320
  C:02B8H         LINE#         321
  C:02F5H         LINE#         322
  C:030EH         LINE#         323
  C:0311H         LINE#         325
  C:0318H         LINE#         326
  C:031AH         LINE#         327
  C:031AH         LINE#         328
  C:031AH         LINE#         329
  C:031AH         LINE#         330
  C:031FH         LINE#         331
  C:032BH         LINE#         332
  C:032BH         LINE#         333
  C:032BH         LINE#         334
  C:0332H         LINE#         335
  C:0336H         LINE#         336
  C:033EH         LINE#         342
  C:033EH         LINE#         344
  C:0345H         LINE#         345
  C:0347H         LINE#         346
  C:0347H         LINE#         347
  C:0384H         LINE#         348
  C:0386H         LINE#         349
  C:0386H         LINE#         350
  C:0386H         LINE#         351
  C:0386H         LINE#         352
  C:038BH         LINE#         353
  C:0392H         LINE#         354
  C:0392H         LINE#         357
  C:0399H         LINE#         358
  -------         ENDPROC       SETUPCOMMAND
  -------         PROC          RESUME_ISR
  C:08FBH         LINE#         361
  C:08FBH         LINE#         363
  C:08FEH         LINE#         364
  -------         ENDPROC       RESUME_ISR
  -------         ENDMOD        FW
BL51 BANKED LINKER/LOCATER V6.11                                                      12/04/2017  15:36:10  PAGE 13



  -------         MODULE        DSCR
  C:0A00H         SEGMENT       DSCR
  C:0A00H         PUBLIC        DEVICEDSCR
  C:0A12H         PUBLIC        DEVICEQUALDSCR
  C:0A3CH         PUBLIC        FULLSPEEDCONFIGDSCR
  C:0A1CH         PUBLIC        HIGHSPEEDCONFIGDSCR
  C:0A5CH         PUBLIC        STRINGDSCR
  C:0AA6H         PUBLIC        USERDSCR
  N:0002H         SYMBOL        DSCR_CONFIG
  N:0009H         SYMBOL        DSCR_CONFIG_LEN
  N:0001H         SYMBOL        DSCR_DEVICE
  N:0012H         SYMBOL        DSCR_DEVICE_LEN
  N:0006H         SYMBOL        DSCR_DEVQUAL
  N:000AH         SYMBOL        DSCR_DEVQUAL_LEN
  N:0005H         SYMBOL        DSCR_ENDPNT
  N:0007H         SYMBOL        DSCR_ENDPNT_LEN
  N:0004H         SYMBOL        DSCR_INTRFC
  N:0009H         SYMBOL        DSCR_INTRFC_LEN
  N:0003H         SYMBOL        DSCR_STRING
  N:0002H         SYMBOL        ET_BULK
  N:0000H         SYMBOL        ET_CONTROL
  N:0003H         SYMBOL        ET_INT
  N:0001H         SYMBOL        ET_ISO
  C:0A5CH         SYMBOL        FULLSPEEDCONFIGDSCREND
  C:0A3CH         SYMBOL        HIGHSPEEDCONFIGDSCREND
  C:0A5CH         SYMBOL        STRINGDSCR0
  C:0A60H         SYMBOL        STRINGDSCR0END
  C:0A60H         SYMBOL        STRINGDSCR1
  C:0A70H         SYMBOL        STRINGDSCR1END
  C:0A70H         SYMBOL        STRINGDSCR2
  C:0AA6H         SYMBOL        STRINGDSCR2END
  -------         ENDMOD        DSCR

  -------         MODULE        FX2_TO_EXTSYNCFIFO
  C:0000H         SYMBOL        _ICE_DUMMY_
  C:0DD7H         PUBLIC        ISR_Errorlimit
  X:8000H         PUBLIC        LED0_ON
  X:9000H         PUBLIC        LED1_ON
  X:A000H         PUBLIC        LED2_ON
  X:B000H         PUBLIC        LED3_ON
  C:0DABH         PUBLIC        DR_SetConfiguration
  D:002FH         PUBLIC        AlternateSetting
  B:0020H.4       PUBLIC        energry_transfer_complete
  C:0DC8H         PUBLIC        ISR_Ep0in
  D:0030H         PUBLIC        BITMASK
  C:0DCAH         PUBLIC        ISR_Ep1in
  C:0AA8H         PUBLIC        TD_Init
  C:0DC9H         PUBLIC        ISR_Ep0out
  C:0DCBH         PUBLIC        ISR_Ep1out
  X:10ABH         PUBLIC        ledX_rdvar
  C:08FFH         PUBLIC        TD_Poll
  C:0DE8H         PUBLIC        ISR_GpifComplete
  C:0DC1H         PUBLIC        DR_GetStatus
  C:0DD1H         PUBLIC        ISR_Ep0pingnak
  C:0DD2H         PUBLIC        ISR_Ep1pingnak
  C:0DE9H         PUBLIC        ISR_GpifWaveform
BL51 BANKED LINKER/LOCATER V6.11                                                      12/04/2017  15:36:10  PAGE 14


  C:0DD8H         PUBLIC        ISR_Ep2piderror
  C:0DD3H         PUBLIC        ISR_Ep2pingnak
  C:0DD9H         PUBLIC        ISR_Ep4piderror
  C:0DD4H         PUBLIC        ISR_Ep4pingnak
  C:0DDAH         PUBLIC        ISR_Ep6piderror
  C:0DD5H         PUBLIC        ISR_Ep6pingnak
  C:0DDBH         PUBLIC        ISR_Ep8piderror
  C:0DD6H         PUBLIC        ISR_Ep8pingnak
  D:0091H         PUBLIC        EXIF
  C:0D7EH         PUBLIC        DR_GetInterface
  C:0DC3H         PUBLIC        DR_ClearFeature
  D:00BAH         PUBLIC        EP01STAT
  X:10ACH         PUBLIC        LED_State
  C:0DE0H         PUBLIC        ISR_Ep2eflag
  C:0DE4H         PUBLIC        ISR_Ep2fflag
  C:0DE1H         PUBLIC        ISR_Ep4eflag
  C:0DB3H         PUBLIC        DR_SetInterface
  C:0DE5H         PUBLIC        ISR_Ep4fflag
  C:0DE2H         PUBLIC        ISR_Ep6eflag
  X:10ADH         SYMBOL        LED_Status
  C:0DE6H         PUBLIC        ISR_Ep6fflag
  C:0DBFH         PUBLIC        DR_GetDescriptor
  C:0DE3H         PUBLIC        ISR_Ep8eflag
  C:0DE7H         PUBLIC        ISR_Ep8fflag
  X:8100H         PUBLIC        LED0_OFF
  X:10AEH         SYMBOL        LED_Count
  X:9100H         PUBLIC        LED1_OFF
  X:A100H         PUBLIC        LED2_OFF
  X:B100H         PUBLIC        LED3_OFF
  C:0DDCH         PUBLIC        ISR_Ep2pflag
  C:0DDDH         PUBLIC        ISR_Ep4pflag
  C:0DDEH         PUBLIC        ISR_Ep6pflag
  C:0DDFH         PUBLIC        ISR_Ep8pflag
  C:088FH         PUBLIC        _LED_Off
  C:0D10H         PUBLIC        ISR_Sudav
  D:00B4H         PUBLIC        OEC
  D:00B5H         PUBLIC        OED
  D:00B6H         PUBLIC        OEE
  D:00A0H         PUBLIC        IOC
  D:00B0H         PUBLIC        IOD
  D:00B1H         PUBLIC        IOE
  C:0DBBH         PUBLIC        TD_Suspend
  D:0038H         PUBLIC        Configuration
  C:09FFH         PUBLIC        ISR_Ep0ack
  C:0C17H         PUBLIC        ISR_Highspeed
  C:0D40H         PUBLIC        ISR_Sutok
  C:0DD0H         PUBLIC        ISR_Ibn
  D:0039H         PUBLIC        j
  C:0DCCH         PUBLIC        ISR_Ep2inout
  D:003AH         PUBLIC        k
  C:0DCDH         PUBLIC        ISR_Ep4inout
  C:0574H         PUBLIC        DR_VendorCmnd
  C:0DBDH         PUBLIC        TD_Resume
  D:003BH         PUBLIC        n
  C:0DCEH         PUBLIC        ISR_Ep6inout
  C:0DC7H         PUBLIC        ISR_Stub
  C:0DCFH         PUBLIC        ISR_Ep8inout
BL51 BANKED LINKER/LOCATER V6.11                                                      12/04/2017  15:36:10  PAGE 15


  C:0C54H         PUBLIC        ISR_Ures
  C:09B8H         PUBLIC        _LED_On
  C:0DC5H         PUBLIC        DR_SetFeature
  C:0D56H         PUBLIC        ISR_Sof
  C:0D6CH         PUBLIC        DR_GetConfiguration
  C:0D28H         PUBLIC        ISR_Susp
  -------         PROC          TD_INIT
  C:0AA8H         LINE#         48
  C:0AA8H         LINE#         49
  C:0AA8H         LINE#         51
  C:0AB1H         LINE#         52
  C:0AB4H         LINE#         55
  C:0ABAH         LINE#         56
  C:0ABDH         LINE#         57
  C:0AC3H         LINE#         87
  C:0AC9H         LINE#         88
  C:0ACCH         LINE#         89
  C:0AD2H         LINE#         90
  C:0AD5H         LINE#         91
  C:0ADBH         LINE#         92
  C:0ADEH         LINE#         93
  C:0AE2H         LINE#         94
  C:0AE5H         LINE#         96
  C:0AE8H         LINE#         97
  C:0AEEH         LINE#         98
  C:0AF1H         LINE#         99
  C:0AF4H         LINE#         100
  C:0AF7H         LINE#         101
  C:0AFAH         LINE#         102
  C:0AFDH         LINE#         103
  C:0B00H         LINE#         104
  C:0B03H         LINE#         105
  C:0B06H         LINE#         106
  C:0B09H         LINE#         107
  C:0B0BH         LINE#         112
  C:0B0EH         LINE#         113
  C:0B12H         LINE#         117
  C:0B15H         LINE#         118
  C:0B18H         LINE#         120
  C:0B1BH         LINE#         121
  C:0B21H         LINE#         123
  C:0B24H         LINE#         124
  C:0B29H         LINE#         126
  C:0B2CH         LINE#         127
  C:0B30H         LINE#         130
  C:0B33H         LINE#         131
  C:0B38H         LINE#         132
  C:0B3BH         LINE#         133
  C:0B41H         LINE#         134
  C:0B44H         LINE#         141
  -------         ENDPROC       TD_INIT
  -------         PROC          TD_POLL
  C:08FFH         LINE#         143
  C:08FFH         LINE#         144
  C:08FFH         LINE#         149
  -------         ENDPROC       TD_POLL
  -------         PROC          TD_SUSPEND
BL51 BANKED LINKER/LOCATER V6.11                                                      12/04/2017  15:36:10  PAGE 16


  C:0DBBH         LINE#         153
  C:0DBBH         LINE#         154
  C:0DBBH         LINE#         155
  C:0DBCH         LINE#         156
  -------         ENDPROC       TD_SUSPEND
  -------         PROC          TD_RESUME
  C:0DBDH         LINE#         158
  C:0DBDH         LINE#         159
  C:0DBDH         LINE#         160
  C:0DBEH         LINE#         161
  -------         ENDPROC       TD_RESUME
  -------         PROC          DR_GETDESCRIPTOR
  C:0DBFH         LINE#         168
  C:0DBFH         LINE#         169
  C:0DBFH         LINE#         170
  C:0DC0H         LINE#         171
  -------         ENDPROC       DR_GETDESCRIPTOR
  -------         PROC          DR_SETCONFIGURATION
  C:0DABH         LINE#         173
  C:0DABH         LINE#         174
  C:0DABH         LINE#         175
  C:0DB1H         LINE#         176
  C:0DB2H         LINE#         177
  -------         ENDPROC       DR_SETCONFIGURATION
  -------         PROC          DR_GETCONFIGURATION
  C:0D6CH         LINE#         179
  C:0D6CH         LINE#         180
  C:0D6CH         LINE#         181
  C:0D72H         LINE#         182
  C:0D77H         LINE#         183
  C:0D7CH         LINE#         184
  C:0D7DH         LINE#         185
  -------         ENDPROC       DR_GETCONFIGURATION
  -------         PROC          DR_SETINTERFACE
  C:0DB3H         LINE#         187
  C:0DB3H         LINE#         188
  C:0DB3H         LINE#         189
  C:0DB9H         LINE#         190
  C:0DBAH         LINE#         191
  -------         ENDPROC       DR_SETINTERFACE
  -------         PROC          DR_GETINTERFACE
  C:0D7EH         LINE#         193
  C:0D7EH         LINE#         194
  C:0D7EH         LINE#         195
  C:0D84H         LINE#         196
  C:0D89H         LINE#         197
  C:0D8EH         LINE#         198
  C:0D8FH         LINE#         199
  -------         ENDPROC       DR_GETINTERFACE
  -------         PROC          DR_GETSTATUS
  C:0DC1H         LINE#         201
  C:0DC1H         LINE#         202
  C:0DC1H         LINE#         203
  C:0DC2H         LINE#         204
  -------         ENDPROC       DR_GETSTATUS
  -------         PROC          DR_CLEARFEATURE
  C:0DC3H         LINE#         206
BL51 BANKED LINKER/LOCATER V6.11                                                      12/04/2017  15:36:10  PAGE 17


  C:0DC3H         LINE#         207
  C:0DC3H         LINE#         208
  C:0DC4H         LINE#         209
  -------         ENDPROC       DR_CLEARFEATURE
  -------         PROC          DR_SETFEATURE
  C:0DC5H         LINE#         211
  C:0DC5H         LINE#         212
  C:0DC5H         LINE#         213
  C:0DC6H         LINE#         214
  -------         ENDPROC       DR_SETFEATURE
  -------         PROC          DR_VENDORCMND
  C:0574H         LINE#         223
  C:0574H         LINE#         224
  C:0574H         LINE#         226
  C:059BH         LINE#         227
  C:059BH         LINE#         229
  C:059BH         LINE#         230
  C:059BH         LINE#         231
  C:059EH         LINE#         232
  C:05A1H         LINE#         233
  C:05A4H         LINE#         234
  C:05A7H         LINE#         235
  C:05A9H         LINE#         236
  C:05ABH         LINE#         237
  C:05AFH         LINE#         238
  C:05B2H         LINE#         239
  C:05B6H         LINE#         240
  C:05BCH         LINE#         241
  C:05C3H         LINE#         242
  C:05C6H         LINE#         243
  C:05C6H         LINE#         246
  C:05C6H         LINE#         247
  C:05C6H         LINE#         248
  C:05C9H         LINE#         249
  C:05CCH         LINE#         250
  C:05D0H         LINE#         251
  C:05D5H         LINE#         252
  C:05D8H         LINE#         253
  C:05DAH         LINE#         254
  C:05DAH         LINE#         255
  C:05DDH         LINE#         256
  C:05DDH         LINE#         257
  C:05F6H         LINE#         258
  C:05F6H         LINE#         259
  C:05F9H         LINE#         260
  C:05FCH         LINE#         261
  C:05FFH         LINE#         262
  C:0601H         LINE#         264
  C:0601H         LINE#         265
  C:0604H         LINE#         266
  C:0607H         LINE#         267
  C:060AH         LINE#         268
  C:060AH         LINE#         269
  C:0611H         LINE#         270
  C:0618H         LINE#         271
  C:061BH         LINE#         272
  C:061EH         LINE#         273
BL51 BANKED LINKER/LOCATER V6.11                                                      12/04/2017  15:36:10  PAGE 18


  C:0622H         LINE#         274
  C:0628H         LINE#         275
  C:062FH         LINE#         276
  C:0632H         LINE#         277
  C:0632H         LINE#         279
  C:0632H         LINE#         280
  C:0632H         LINE#         281
  C:0635H         LINE#         282
  C:0638H         LINE#         283
  C:063DH         LINE#         284
  C:0642H         LINE#         285
  C:0645H         LINE#         286
  C:0647H         LINE#         287
  C:0647H         LINE#         288
  C:064AH         LINE#         289
  C:064AH         LINE#         290
  C:0663H         LINE#         291
  C:0663H         LINE#         292
  C:0666H         LINE#         293
  C:0669H         LINE#         294
  C:066CH         LINE#         295
  C:066EH         LINE#         297
  C:066EH         LINE#         298
  C:0671H         LINE#         299
  C:0674H         LINE#         300
  C:0677H         LINE#         301
  C:0677H         LINE#         302
  C:067EH         LINE#         303
  C:0685H         LINE#         304
  C:0688H         LINE#         305
  C:068BH         LINE#         306
  C:068FH         LINE#         307
  C:0695H         LINE#         308
  C:069CH         LINE#         309
  C:069EH         LINE#         310
  C:069EH         LINE#         313
  C:069EH         LINE#         314
  C:069EH         LINE#         315
  C:06A1H         LINE#         316
  C:06A4H         LINE#         317
  C:06A9H         LINE#         318
  C:06ACH         LINE#         319
  C:06B0H         LINE#         320
  C:06B6H         LINE#         321
  C:06BDH         LINE#         323
  C:06BFH         LINE#         324
  C:06BFH         LINE#         326
  C:06BFH         LINE#         327
  C:06BFH         LINE#         328
  C:06C2H         LINE#         329
  C:06C5H         LINE#         335
  C:06CAH         LINE#         336
  C:06CDH         LINE#         337
  C:06D1H         LINE#         338
  C:06D7H         LINE#         339
  C:06DEH         LINE#         341
  C:06E0H         LINE#         342
BL51 BANKED LINKER/LOCATER V6.11                                                      12/04/2017  15:36:10  PAGE 19


  C:06E0H         LINE#         344
  C:06E0H         LINE#         345
  C:06E0H         LINE#         346
  C:06E3H         LINE#         347
  C:06E6H         LINE#         348
  C:06E9H         LINE#         349
  C:06EDH         LINE#         350
  C:06F3H         LINE#         351
  C:06FAH         LINE#         352
  C:06FCH         LINE#         353
  C:06FCH         LINE#         356
  C:06FCH         LINE#         357
  C:06FEH         LINE#         358
  C:06FEH         LINE#         360
  C:06FFH         LINE#         361
  -------         ENDPROC       DR_VENDORCMND
  -------         PROC          ISR_SUDAV
  C:0D10H         LINE#         370
  C:0D16H         LINE#         372
  C:0D18H         LINE#         373
  C:0D1BH         LINE#         374
  C:0D21H         LINE#         375
  -------         ENDPROC       ISR_SUDAV
  -------         PROC          ISR_SUTOK
  C:0D40H         LINE#         378
  C:0D46H         LINE#         380
  C:0D49H         LINE#         381
  C:0D4FH         LINE#         382
  -------         ENDPROC       ISR_SUTOK
  -------         PROC          ISR_SOF
  C:0D56H         LINE#         384
  C:0D5CH         LINE#         386
  C:0D5FH         LINE#         387
  C:0D65H         LINE#         388
  -------         ENDPROC       ISR_SOF
  -------         PROC          ISR_URES
  C:0C54H         LINE#         390
  C:0C5AH         LINE#         393
  C:0C60H         LINE#         394
  C:0C6AH         LINE#         395
  C:0C70H         LINE#         396
  C:0C7AH         LINE#         398
  C:0C7DH         LINE#         399
  C:0C83H         LINE#         400
  -------         ENDPROC       ISR_URES
  -------         PROC          ISR_SUSP
  C:0D28H         LINE#         402
  C:0D2EH         LINE#         404
  C:0D30H         LINE#         405
  C:0D33H         LINE#         406
  C:0D39H         LINE#         407
  -------         ENDPROC       ISR_SUSP
  -------         PROC          ISR_HIGHSPEED
  C:0C17H         LINE#         409
  C:0C1DH         LINE#         411
  C:0C24H         LINE#         412
  C:0C24H         LINE#         413
BL51 BANKED LINKER/LOCATER V6.11                                                      12/04/2017  15:36:10  PAGE 20


  C:0C2AH         LINE#         414
  C:0C34H         LINE#         415
  C:0C3AH         LINE#         416
  C:0C44H         LINE#         417
  C:0C44H         LINE#         419
  C:0C47H         LINE#         420
  C:0C4DH         LINE#         421
  -------         ENDPROC       ISR_HIGHSPEED
  -------         PROC          ISR_EP0ACK
  C:09FFH         LINE#         422
  C:09FFH         LINE#         424
  -------         ENDPROC       ISR_EP0ACK
  -------         PROC          ISR_STUB
  C:0DC7H         LINE#         425
  C:0DC7H         LINE#         427
  -------         ENDPROC       ISR_STUB
  -------         PROC          ISR_EP0IN
  C:0DC8H         LINE#         428
  C:0DC8H         LINE#         430
  -------         ENDPROC       ISR_EP0IN
  -------         PROC          ISR_EP0OUT
  C:0DC9H         LINE#         431
  C:0DC9H         LINE#         433
  -------         ENDPROC       ISR_EP0OUT
  -------         PROC          ISR_EP1IN
  C:0DCAH         LINE#         434
  C:0DCAH         LINE#         436
  -------         ENDPROC       ISR_EP1IN
  -------         PROC          ISR_EP1OUT
  C:0DCBH         LINE#         437
  C:0DCBH         LINE#         439
  -------         ENDPROC       ISR_EP1OUT
  -------         PROC          ISR_EP2INOUT
  C:0DCCH         LINE#         440
  C:0DCCH         LINE#         442
  -------         ENDPROC       ISR_EP2INOUT
  -------         PROC          ISR_EP4INOUT
  C:0DCDH         LINE#         443
  C:0DCDH         LINE#         445
  -------         ENDPROC       ISR_EP4INOUT
  -------         PROC          ISR_EP6INOUT
  C:0DCEH         LINE#         446
  C:0DCEH         LINE#         448
  -------         ENDPROC       ISR_EP6INOUT
  -------         PROC          ISR_EP8INOUT
  C:0DCFH         LINE#         449
  C:0DCFH         LINE#         451
  -------         ENDPROC       ISR_EP8INOUT
  -------         PROC          ISR_IBN
  C:0DD0H         LINE#         452
  C:0DD0H         LINE#         454
  -------         ENDPROC       ISR_IBN
  -------         PROC          ISR_EP0PINGNAK
  C:0DD1H         LINE#         455
  C:0DD1H         LINE#         457
  -------         ENDPROC       ISR_EP0PINGNAK
  -------         PROC          ISR_EP1PINGNAK
BL51 BANKED LINKER/LOCATER V6.11                                                      12/04/2017  15:36:10  PAGE 21


  C:0DD2H         LINE#         458
  C:0DD2H         LINE#         460
  -------         ENDPROC       ISR_EP1PINGNAK
  -------         PROC          ISR_EP2PINGNAK
  C:0DD3H         LINE#         461
  C:0DD3H         LINE#         463
  -------         ENDPROC       ISR_EP2PINGNAK
  -------         PROC          ISR_EP4PINGNAK
  C:0DD4H         LINE#         464
  C:0DD4H         LINE#         466
  -------         ENDPROC       ISR_EP4PINGNAK
  -------         PROC          ISR_EP6PINGNAK
  C:0DD5H         LINE#         467
  C:0DD5H         LINE#         469
  -------         ENDPROC       ISR_EP6PINGNAK
  -------         PROC          ISR_EP8PINGNAK
  C:0DD6H         LINE#         470
  C:0DD6H         LINE#         472
  -------         ENDPROC       ISR_EP8PINGNAK
  -------         PROC          ISR_ERRORLIMIT
  C:0DD7H         LINE#         473
  C:0DD7H         LINE#         475
  -------         ENDPROC       ISR_ERRORLIMIT
  -------         PROC          ISR_EP2PIDERROR
  C:0DD8H         LINE#         476
  C:0DD8H         LINE#         478
  -------         ENDPROC       ISR_EP2PIDERROR
  -------         PROC          ISR_EP4PIDERROR
  C:0DD9H         LINE#         479
  C:0DD9H         LINE#         481
  -------         ENDPROC       ISR_EP4PIDERROR
  -------         PROC          ISR_EP6PIDERROR
  C:0DDAH         LINE#         482
  C:0DDAH         LINE#         484
  -------         ENDPROC       ISR_EP6PIDERROR
  -------         PROC          ISR_EP8PIDERROR
  C:0DDBH         LINE#         485
  C:0DDBH         LINE#         487
  -------         ENDPROC       ISR_EP8PIDERROR
  -------         PROC          ISR_EP2PFLAG
  C:0DDCH         LINE#         488
  C:0DDCH         LINE#         490
  -------         ENDPROC       ISR_EP2PFLAG
  -------         PROC          ISR_EP4PFLAG
  C:0DDDH         LINE#         491
  C:0DDDH         LINE#         493
  -------         ENDPROC       ISR_EP4PFLAG
  -------         PROC          ISR_EP6PFLAG
  C:0DDEH         LINE#         494
  C:0DDEH         LINE#         496
  -------         ENDPROC       ISR_EP6PFLAG
  -------         PROC          ISR_EP8PFLAG
  C:0DDFH         LINE#         497
  C:0DDFH         LINE#         499
  -------         ENDPROC       ISR_EP8PFLAG
  -------         PROC          ISR_EP2EFLAG
  C:0DE0H         LINE#         500
BL51 BANKED LINKER/LOCATER V6.11                                                      12/04/2017  15:36:10  PAGE 22


  C:0DE0H         LINE#         502
  -------         ENDPROC       ISR_EP2EFLAG
  -------         PROC          ISR_EP4EFLAG
  C:0DE1H         LINE#         503
  C:0DE1H         LINE#         505
  -------         ENDPROC       ISR_EP4EFLAG
  -------         PROC          ISR_EP6EFLAG
  C:0DE2H         LINE#         506
  C:0DE2H         LINE#         508
  -------         ENDPROC       ISR_EP6EFLAG
  -------         PROC          ISR_EP8EFLAG
  C:0DE3H         LINE#         509
  C:0DE3H         LINE#         511
  -------         ENDPROC       ISR_EP8EFLAG
  -------         PROC          ISR_EP2FFLAG
  C:0DE4H         LINE#         512
  C:0DE4H         LINE#         514
  -------         ENDPROC       ISR_EP2FFLAG
  -------         PROC          ISR_EP4FFLAG
  C:0DE5H         LINE#         515
  C:0DE5H         LINE#         517
  -------         ENDPROC       ISR_EP4FFLAG
  -------         PROC          ISR_EP6FFLAG
  C:0DE6H         LINE#         518
  C:0DE6H         LINE#         520
  -------         ENDPROC       ISR_EP6FFLAG
  -------         PROC          ISR_EP8FFLAG
  C:0DE7H         LINE#         521
  C:0DE7H         LINE#         523
  -------         ENDPROC       ISR_EP8FFLAG
  -------         PROC          ISR_GPIFCOMPLETE
  C:0DE8H         LINE#         524
  C:0DE8H         LINE#         526
  -------         ENDPROC       ISR_GPIFCOMPLETE
  -------         PROC          ISR_GPIFWAVEFORM
  C:0DE9H         LINE#         527
  C:0DE9H         LINE#         529
  -------         ENDPROC       ISR_GPIFWAVEFORM
  -------         PROC          _LED_OFF
  D:0005H         SYMBOL        LED_Mask
  C:088FH         LINE#         544
  C:0891H         LINE#         545
  C:0891H         LINE#         546
  C:0895H         LINE#         547
  C:0895H         LINE#         548
  C:089DH         LINE#         549
  C:08A2H         LINE#         550
  C:08A2H         LINE#         551
  C:08A6H         LINE#         552
  C:08A6H         LINE#         553
  C:08AEH         LINE#         554
  C:08B3H         LINE#         555
  C:08B3H         LINE#         556
  C:08B7H         LINE#         557
  C:08B7H         LINE#         558
  C:08BFH         LINE#         559
  C:08C4H         LINE#         560
BL51 BANKED LINKER/LOCATER V6.11                                                      12/04/2017  15:36:10  PAGE 23


  C:08C4H         LINE#         561
  C:08C8H         LINE#         562
  C:08C8H         LINE#         563
  C:08D0H         LINE#         564
  C:08D5H         LINE#         565
  C:08D5H         LINE#         566
  -------         ENDPROC       _LED_OFF
  -------         PROC          _LED_ON
  D:0005H         SYMBOL        LED_Mask
  C:09B8H         LINE#         568
  C:09BAH         LINE#         569
  C:09BAH         LINE#         570
  C:09BEH         LINE#         571
  C:09BEH         LINE#         572
  C:09C6H         LINE#         573
  C:09CBH         LINE#         574
  C:09CBH         LINE#         575
  C:09CFH         LINE#         576
  C:09CFH         LINE#         577
  C:09D7H         LINE#         578
  C:09DCH         LINE#         579
  C:09DCH         LINE#         580
  C:09E0H         LINE#         581
  C:09E0H         LINE#         582
  C:09E8H         LINE#         583
  C:09EDH         LINE#         584
  C:09EDH         LINE#         585
  C:09F1H         LINE#         586
  C:09F1H         LINE#         587
  C:09F9H         LINE#         588
  C:09FEH         LINE#         589
  C:09FEH         LINE#         590
  -------         ENDPROC       _LED_ON
  -------         ENDMOD        FX2_TO_EXTSYNCFIFO

  -------         MODULE        GPIF
  C:0000H         SYMBOL        _ICE_DUMMY_
  X:1000H         PUBLIC        WaveData
  X:1080H         PUBLIC        InitData
  X:1087H         PUBLIC        FlowStates
  C:07D4H         PUBLIC        GpifInit
  D:009AH         PUBLIC        AUTOPTRH1
  D:009DH         PUBLIC        AUTOPTRH2
  D:009BH         PUBLIC        AUTOPTRL1
  D:009EH         PUBLIC        AUTOPTRL2
  D:00AFH         PUBLIC        AUTOPTRSETUP
  D:00B4H         PUBLIC        OEC
  D:00B6H         PUBLIC        OEE
  -------         PROC          GPIFINIT
  -------         DO            
  D:0007H         SYMBOL        i
  -------         ENDDO         
  C:07D4H         LINE#         203
  C:07D4H         LINE#         204
  C:07D4H         LINE#         227
  C:07DAH         LINE#         236
  C:07DFH         LINE#         238
BL51 BANKED LINKER/LOCATER V6.11                                                      12/04/2017  15:36:10  PAGE 24


  C:07E7H         LINE#         239
  C:07EFH         LINE#         240
  C:07F7H         LINE#         241
  C:07FFH         LINE#         242
  C:0807H         LINE#         243
  C:080FH         LINE#         246
  C:0812H         LINE#         251
  C:0816H         LINE#         252
  C:081AH         LINE#         255
  C:081DH         LINE#         256
  C:0820H         LINE#         259
  C:0821H         LINE#         260
  C:0821H         LINE#         261
  C:0829H         LINE#         262
  C:082DH         LINE#         265
  C:0833H         LINE#         266
  C:0835H         LINE#         267
  C:083CH         LINE#         268
  C:083FH         LINE#         277
  C:0842H         LINE#         278
  C:0847H         LINE#         279
  C:084AH         LINE#         280
  C:084EH         LINE#         283
  C:0856H         LINE#         284
  C:085EH         LINE#         285
  C:0866H         LINE#         286
  C:086EH         LINE#         287
  C:0876H         LINE#         288
  C:087EH         LINE#         289
  C:0886H         LINE#         290
  C:088EH         LINE#         291
  -------         ENDPROC       GPIFINIT
  -------         ENDMOD        GPIF

  -------         MODULE        USBJMPTBL
  C:0900H         SEGMENT       ?PR?USB_JUMP_TABLE?USBJT
  N:0045H         PUBLIC        USB_INT2AUTOVECTOR
  N:0055H         PUBLIC        USB_INT4AUTOVECTOR
  C:0900H         PUBLIC        USB_JUMP_TABLE
  N:0000H         SYMBOL        USBJMPTBL
  C:0043H         LINE#         49
  C:0053H         LINE#         53
  C:0900H         LINE#         61
  C:0904H         LINE#         63
  C:0908H         LINE#         65
  C:090CH         LINE#         67
  C:0910H         LINE#         69
  C:0914H         LINE#         71
  C:0918H         LINE#         73
  C:091CH         LINE#         75
  C:0920H         LINE#         77
  C:0924H         LINE#         79
  C:0928H         LINE#         81
  C:092CH         LINE#         83
  C:0930H         LINE#         85
  C:0934H         LINE#         87
  C:0938H         LINE#         89
BL51 BANKED LINKER/LOCATER V6.11                                                      12/04/2017  15:36:10  PAGE 25


  C:093CH         LINE#         91
  C:0940H         LINE#         93
  C:0944H         LINE#         95
  C:0948H         LINE#         97
  C:094CH         LINE#         99
  C:0950H         LINE#         101
  C:0954H         LINE#         103
  C:0958H         LINE#         105
  C:095CH         LINE#         107
  C:0960H         LINE#         109
  C:0964H         LINE#         111
  C:0968H         LINE#         113
  C:096CH         LINE#         115
  C:0970H         LINE#         117
  C:0974H         LINE#         119
  C:0978H         LINE#         121
  C:097CH         LINE#         123
  C:0980H         LINE#         126
  C:0984H         LINE#         128
  C:0988H         LINE#         130
  C:098CH         LINE#         132
  C:0990H         LINE#         134
  C:0994H         LINE#         136
  C:0998H         LINE#         138
  C:099CH         LINE#         140
  C:09A0H         LINE#         142
  C:09A4H         LINE#         144
  C:09A8H         LINE#         146
  C:09ACH         LINE#         148
  C:09B0H         LINE#         150
  C:09B4H         LINE#         152
  -------         ENDMOD        USBJMPTBL

  -------         MODULE        RESUME
  C:0000H         SYMBOL        _ICE_DUMMY_
  C:0CB9H         PUBLIC        EZUSB_Resume
  -------         PROC          EZUSB_RESUME
  C:0CB9H         LINE#         38
  C:0CB9H         LINE#         39
  C:0CB9H         LINE#         40
  C:0CCFH         LINE#         42
  C:0CCFH         LINE#         43
  C:0CD6H         LINE#         44
  C:0CDDH         LINE#         45
  C:0CE4H         LINE#         46
  C:0CE4H         LINE#         47
  -------         ENDPROC       EZUSB_RESUME
  -------         ENDMOD        RESUME

  -------         MODULE        DISCON
  C:0000H         SYMBOL        _ICE_DUMMY_
  D:0091H         PUBLIC        EXIF
  C:0C8AH         PUBLIC        EZUSB_Discon
  -------         PROC          EZUSB_DISCON
  B:0020H.5       SYMBOL        renum
  C:0C8AH         LINE#         39
  C:0C8AH         LINE#         40
BL51 BANKED LINKER/LOCATER V6.11                                                      12/04/2017  15:36:10  PAGE 26


  C:0C8AH         LINE#         42
  C:0C8DH         LINE#         43
  C:0C96H         LINE#         45
  C:0C9DH         LINE#         47
  C:0CA4H         LINE#         49
  C:0CAAH         LINE#         50
  C:0CAEH         LINE#         51
  C:0CB1H         LINE#         53
  C:0CB8H         LINE#         54
  -------         ENDPROC       EZUSB_DISCON
  -------         ENDMOD        DISCON

  -------         MODULE        EZREGS
  C:0000H         SYMBOL        _ICE_DUMMY_
  X:E652H         PUBLIC        EP4FIFOIE
  X:E668H         PUBLIC        INTSETUP
  X:E600H         PUBLIC        CPUCS
  X:E654H         PUBLIC        EP6FIFOIE
  X:E680H         PUBLIC        USBCS
  X:E65FH         PUBLIC        EPIRQ
  X:E656H         PUBLIC        EP8FIFOIE
  X:E6F2H         PUBLIC        XGPIFSGLDATLNOX
  X:E6C0H         PUBLIC        GPIFWFSELECT
  X:E6F0H         PUBLIC        XGPIFSGLDATH
  X:E605H         PUBLIC        BREAKPT
  X:E609H         PUBLIC        FIFOPINPOLAR
  X:E640H         PUBLIC        EP2ISOINPKTS
  X:E678H         PUBLIC        I2CS
  X:E610H         PUBLIC        EP1OUTCFG
  X:E6F9H         PUBLIC        TESTCFG
  X:E641H         PUBLIC        EP4ISOINPKTS
  X:E68AH         PUBLIC        EP0BCH
  X:E661H         PUBLIC        GPIFIRQ
  X:E642H         PUBLIC        EP6ISOINPKTS
  X:E690H         PUBLIC        EP2BCH
  X:E643H         PUBLIC        EP8ISOINPKTS
  X:E694H         PUBLIC        EP4BCH
  X:E68BH         PUBLIC        EP0BCL
  X:E612H         PUBLIC        EP2CFG
  X:E698H         PUBLIC        EP6BCH
  X:E691H         PUBLIC        EP2BCL
  X:E613H         PUBLIC        EP4CFG
  X:E6A7H         PUBLIC        EP2FIFOFLGS
  X:E69CH         PUBLIC        EP8BCH
  X:E695H         PUBLIC        EP4BCL
  X:E628H         PUBLIC        ECCCFG
  X:E614H         PUBLIC        EP6CFG
  X:E6A8H         PUBLIC        EP4FIFOFLGS
  X:E699H         PUBLIC        EP6BCL
  X:E780H         PUBLIC        EP1OUTBUF
  X:E67BH         PUBLIC        XAUTODAT1
  X:E615H         PUBLIC        EP8CFG
  X:E6A9H         PUBLIC        EP6FIFOFLGS
  X:E69DH         PUBLIC        EP8BCL
  X:E67CH         PUBLIC        XAUTODAT2
  X:E684H         PUBLIC        USBFRAMEH
  X:E6F5H         PUBLIC        GPIFABORT
BL51 BANKED LINKER/LOCATER V6.11                                                      12/04/2017  15:36:10  PAGE 27


  X:E6AAH         PUBLIC        EP8FIFOFLGS
  X:E6F8H         PUBLIC        DBUG
  X:E740H         PUBLIC        EP0BUF
  X:E6CBH         PUBLIC        FLOWSTB
  X:E65EH         PUBLIC        EPIE
  X:E685H         PUBLIC        USBFRAMEL
  X:E681H         PUBLIC        SUSPEND
  X:E60CH         PUBLIC        GPIFHOLDAMOUNT
  X:E6D4H         PUBLIC        EP2GPIFTRIG
  X:E6C7H         PUBLIC        FLOWLOGIC
  X:E6DCH         PUBLIC        EP4GPIFTRIG
  X:E604H         PUBLIC        FIFORESET
  X:E6E4H         PUBLIC        EP6GPIFTRIG
  X:E6C2H         PUBLIC        GPIFIDLECTL
  X:E6FAH         PUBLIC        USBTEST
  X:E6B3H         PUBLIC        SUDPTRH
  X:E6ECH         PUBLIC        EP8GPIFTRIG
  X:E6D2H         PUBLIC        EP2GPIFFLGSEL
  X:E611H         PUBLIC        EP1INCFG
  X:E6B4H         PUBLIC        SUDPTRL
  X:E687H         PUBLIC        FNADDR
  X:E6DAH         PUBLIC        EP4GPIFFLGSEL
  X:E6D1H         PUBLIC        GPIFTCB0
  X:E6CDH         PUBLIC        FLOWSTBHPERIOD
  X:E6D0H         PUBLIC        GPIFTCB1
  X:E665H         PUBLIC        CLRERRCNT
  X:E6E2H         PUBLIC        EP6GPIFFLGSEL
  X:E6CFH         PUBLIC        GPIFTCB2
  X:E664H         PUBLIC        ERRCNTLIM
  X:E6CEH         PUBLIC        GPIFTCB3
  X:E6EAH         PUBLIC        EP8GPIFFLGSEL
  X:E660H         PUBLIC        GPIFIE
  X:E67FH         PUBLIC        UDMACRCQUAL
  X:E400H         PUBLIC        GPIF_WAVE_DATA
  X:E6CCH         PUBLIC        FLOWSTBEDGE
  X:E6ABH         PUBLIC        EP2FIFOBCH
  X:E7C0H         PUBLIC        EP1INBUF
  X:E6C6H         PUBLIC        FLOWSTATE
  X:E6ADH         PUBLIC        EP4FIFOBCH
  X:E6CAH         PUBLIC        FLOWHOLDOFF
  X:E618H         PUBLIC        EP2FIFOCFG
  X:E6AFH         PUBLIC        EP6FIFOBCH
  X:E6ACH         PUBLIC        EP2FIFOBCL
  X:E619H         PUBLIC        EP4FIFOCFG
  X:E6B1H         PUBLIC        EP8FIFOBCH
  X:E6AEH         PUBLIC        EP4FIFOBCL
  X:E649H         PUBLIC        OUTPKTEND
  X:E663H         PUBLIC        USBERRIRQ
  X:E61AH         PUBLIC        EP6FIFOCFG
  X:E6B0H         PUBLIC        EP6FIFOBCL
  X:E620H         PUBLIC        EP2AUTOINLENH
  X:E61BH         PUBLIC        EP8FIFOCFG
  X:E6B2H         PUBLIC        EP8FIFOBCL
  X:E68DH         PUBLIC        EP1OUTBC
  X:E622H         PUBLIC        EP4AUTOINLENH
  X:E666H         PUBLIC        INT2IVEC
  X:E659H         PUBLIC        IBNIRQ
BL51 BANKED LINKER/LOCATER V6.11                                                      12/04/2017  15:36:10  PAGE 28


  X:E6FBH         PUBLIC        CT1
  X:E6C4H         PUBLIC        GPIFADRH
  X:E65BH         PUBLIC        NAKIRQ
  X:E624H         PUBLIC        EP6AUTOINLENH
  X:E621H         PUBLIC        EP2AUTOINLENL
  X:E601H         PUBLIC        IFCONFIG
  X:E6FCH         PUBLIC        CT2
  X:E6B5H         PUBLIC        SUDPTRCTL
  X:E667H         PUBLIC        INT4IVEC
  X:E6FDH         PUBLIC        CT3
  X:E67DH         PUBLIC        UDMACRCH
  X:E626H         PUBLIC        EP8AUTOINLENH
  X:E623H         PUBLIC        EP4AUTOINLENL
  X:E6FEH         PUBLIC        CT4
  X:F000H         PUBLIC        EP2FIFOBUF
  X:E6C5H         PUBLIC        GPIFADRL
  X:E625H         PUBLIC        EP6AUTOINLENL
  X:E630H         PUBLIC        EP2FIFOPFH
  X:F400H         PUBLIC        EP4FIFOBUF
  X:E67EH         PUBLIC        UDMACRCL
  X:E627H         PUBLIC        EP8AUTOINLENL
  X:E6D3H         PUBLIC        EP2GPIFPFSTOP
  X:E683H         PUBLIC        TOGCTL
  X:E632H         PUBLIC        EP4FIFOPFH
  X:F800H         PUBLIC        EP6FIFOBUF
  X:E629H         PUBLIC        ECCRESET
  X:E6DBH         PUBLIC        EP4GPIFPFSTOP
  X:E634H         PUBLIC        EP6FIFOPFH
  X:E631H         PUBLIC        EP2FIFOPFL
  X:FC00H         PUBLIC        EP8FIFOBUF
  X:E60BH         PUBLIC        REVCTL
  X:E6E3H         PUBLIC        EP6GPIFPFSTOP
  X:E636H         PUBLIC        EP8FIFOPFH
  X:E633H         PUBLIC        EP4FIFOPFL
  X:E608H         PUBLIC        UART230
  X:E480H         PUBLIC        RES_WAVEDATA_END
  X:E6EBH         PUBLIC        EP8GPIFPFSTOP
  X:E679H         PUBLIC        I2DAT
  X:E635H         PUBLIC        EP6FIFOPFL
  X:E6A1H         PUBLIC        EP1OUTCS
  X:E637H         PUBLIC        EP8FIFOPFL
  X:E65DH         PUBLIC        USBIRQ
  X:E670H         PUBLIC        PORTACFG
  X:E671H         PUBLIC        PORTCCFG
  X:E651H         PUBLIC        EP2FIFOIRQ
  X:E602H         PUBLIC        PINFLAGSAB
  X:E6A0H         PUBLIC        EP0CS
  X:E6F4H         PUBLIC        GPIFREADYSTAT
  X:E6C3H         PUBLIC        GPIFCTLCFG
  X:E672H         PUBLIC        PORTECFG
  X:E653H         PUBLIC        EP4FIFOIRQ
  X:E6C1H         PUBLIC        GPIFIDLECS
  X:E6A3H         PUBLIC        EP2CS
  X:E50DH         PUBLIC        GPCR2
  X:E67AH         PUBLIC        I2CTL
  X:E655H         PUBLIC        EP6FIFOIRQ
  X:E603H         PUBLIC        PINFLAGSCD
BL51 BANKED LINKER/LOCATER V6.11                                                      12/04/2017  15:36:10  PAGE 29


  X:E6A4H         PUBLIC        EP4CS
  X:E648H         PUBLIC        INPKTEND
  X:E657H         PUBLIC        EP8FIFOIRQ
  X:E6A5H         PUBLIC        EP6CS
  X:E6A6H         PUBLIC        EP8CS
  X:E68FH         PUBLIC        EP1INBC
  X:E662H         PUBLIC        USBERRIE
  X:E6C8H         PUBLIC        FLOWEQ0CTL
  X:E6C9H         PUBLIC        FLOWEQ1CTL
  X:E682H         PUBLIC        WAKEUPCS
  X:E6F1H         PUBLIC        XGPIFSGLDATLX
  X:E658H         PUBLIC        IBNIE
  X:E686H         PUBLIC        MICROFRAME
  X:E65AH         PUBLIC        NAKIE
  X:E6B8H         PUBLIC        SETUPDAT
  X:E62AH         PUBLIC        ECC1B0
  X:E62DH         PUBLIC        ECC2B0
  X:E62BH         PUBLIC        ECC1B1
  X:E6F3H         PUBLIC        GPIFREADYCFG
  X:E62EH         PUBLIC        ECC2B1
  X:E62CH         PUBLIC        ECC1B2
  X:E62FH         PUBLIC        ECC2B2
  X:E6A2H         PUBLIC        EP1INCS
  X:E606H         PUBLIC        BPADDRH
  X:E65CH         PUBLIC        USBIE
  X:E60AH         PUBLIC        REVID
  X:E607H         PUBLIC        BPADDRL
  X:E650H         PUBLIC        EP2FIFOIE
  -------         ENDMOD        EZREGS

  -------         MODULE        GET_STRD
  C:0000H         SYMBOL        _ICE_DUMMY_
  C:0CE5H         PUBLIC        _EZUSB_GetStringDscr
  -------         PROC          _EZUSB_GETSTRINGDSCR
  D:0001H         SYMBOL        StrIdx
  -------         DO            
  D:0006H         SYMBOL        dscr
  -------         ENDDO         
  C:0CE5H         LINE#         38
  C:0CE7H         LINE#         39
  C:0CE7H         LINE#         42
  C:0CEBH         LINE#         44
  C:0CF5H         LINE#         45
  C:0CF5H         LINE#         46
  C:0CFBH         LINE#         47
  C:0CFCH         LINE#         48
  C:0D0AH         LINE#         49
  C:0D0CH         LINE#         51
  C:0D0FH         LINE#         52
  -------         ENDPROC       _EZUSB_GETSTRINGDSCR
  -------         ENDMOD        GET_STRD

  -------         MODULE        SUSP
  C:08D6H         SEGMENT       EZUSB
  C:08D6H         PUBLIC        EZUSB_SUSP
  B:00D0H.6       SYMBOL        AC
  D:00E0H         SYMBOL        ACC
BL51 BANKED LINKER/LOCATER V6.11                                                      12/04/2017  15:36:10  PAGE 30


  D:009AH         SYMBOL        APTR1H
  D:009BH         SYMBOL        APTR1L
  D:009AH         SYMBOL        AUTOPTR1H
  D:009BH         SYMBOL        AUTOPTR1L
  D:009AH         SYMBOL        AUTOPTRH1
  D:009DH         SYMBOL        AUTOPTRH2
  D:009BH         SYMBOL        AUTOPTRL1
  D:009EH         SYMBOL        AUTOPTRL2
  D:00AFH         SYMBOL        AUTOPTRSETUP
  D:00F0H         SYMBOL        B
  X:E606H         SYMBOL        BPADDRH
  X:E607H         SYMBOL        BPADDRL
  X:E605H         SYMBOL        BREAKPT
  D:008EH         SYMBOL        CKCON
  X:E665H         SYMBOL        CLRERRCNT
  X:E600H         SYMBOL        CPUCS
  B:00C8H.0       SYMBOL        CP_RL2
  X:E6FBH         SYMBOL        CT1
  X:E6FCH         SYMBOL        CT2
  X:E6FDH         SYMBOL        CT3
  X:E6FEH         SYMBOL        CT4
  B:00D0H.7       SYMBOL        CY
  B:00C8H.1       SYMBOL        C_T2
  X:E6F8H         SYMBOL        DBUG
  D:0083H         SYMBOL        DPH
  D:0085H         SYMBOL        DPH1
  D:0082H         SYMBOL        DPL
  D:0084H         SYMBOL        DPL1
  D:0086H         SYMBOL        DPS
  B:00A8H.7       SYMBOL        EA
  X:E62AH         SYMBOL        ECC1B0
  X:E62BH         SYMBOL        ECC1B1
  X:E62CH         SYMBOL        ECC1B2
  X:E62DH         SYMBOL        ECC2B0
  X:E62EH         SYMBOL        ECC2B1
  X:E62FH         SYMBOL        ECC2B2
  X:E628H         SYMBOL        ECCCFG
  X:E629H         SYMBOL        ECCRESET
  B:00E8H.1       SYMBOL        EI2C
  D:00D8H         SYMBOL        EICON
  D:00E8H         SYMBOL        EIE
  B:00E8H.2       SYMBOL        EIEX4
  B:00E8H.3       SYMBOL        EIEX5
  B:00E8H.4       SYMBOL        EIEX6
  D:00F8H         SYMBOL        EIP
  B:00F8H.2       SYMBOL        EIPX4
  B:00F8H.3       SYMBOL        EIPX5
  B:00F8H.4       SYMBOL        EIPX6
  D:00BAH         SYMBOL        EP01STAT
  X:E68AH         SYMBOL        EP0BCH
  X:E68BH         SYMBOL        EP0BCL
  X:E740H         SYMBOL        EP0BUF
  X:E6A0H         SYMBOL        EP0CS
  X:E68FH         SYMBOL        EP1INBC
  X:E7C0H         SYMBOL        EP1INBUF
  X:E611H         SYMBOL        EP1INCFG
  X:E6A2H         SYMBOL        EP1INCS
BL51 BANKED LINKER/LOCATER V6.11                                                      12/04/2017  15:36:10  PAGE 31


  X:E68DH         SYMBOL        EP1OUTBC
  X:E780H         SYMBOL        EP1OUTBUF
  X:E610H         SYMBOL        EP1OUTCFG
  X:E6A1H         SYMBOL        EP1OUTCS
  D:00AAH         SYMBOL        EP2468STAT
  D:00ABH         SYMBOL        EP24FIFOFLGS
  X:E620H         SYMBOL        EP2AUTOINLENH
  X:E621H         SYMBOL        EP2AUTOINLENL
  X:E690H         SYMBOL        EP2BCH
  X:E691H         SYMBOL        EP2BCL
  X:E612H         SYMBOL        EP2CFG
  X:E6A3H         SYMBOL        EP2CS
  X:E6ABH         SYMBOL        EP2FIFOBCH
  X:E6ACH         SYMBOL        EP2FIFOBCL
  X:F000H         SYMBOL        EP2FIFOBUF
  X:E618H         SYMBOL        EP2FIFOCFG
  X:E6A7H         SYMBOL        EP2FIFOFLGS
  X:E650H         SYMBOL        EP2FIFOIE
  X:E651H         SYMBOL        EP2FIFOIRQ
  X:E630H         SYMBOL        EP2FIFOPFH
  X:E631H         SYMBOL        EP2FIFOPFL
  X:E6D2H         SYMBOL        EP2GPIFFLGSEL
  X:E6D3H         SYMBOL        EP2GPIFPFSTOP
  X:E6D0H         SYMBOL        EP2GPIFTCH
  X:E6D1H         SYMBOL        EP2GPIFTCL
  X:E6D4H         SYMBOL        EP2GPIFTRIG
  X:E640H         SYMBOL        EP2ISOINPKTS
  X:E622H         SYMBOL        EP4AUTOINLENH
  X:E623H         SYMBOL        EP4AUTOINLENL
  X:E694H         SYMBOL        EP4BCH
  X:E695H         SYMBOL        EP4BCL
  X:E613H         SYMBOL        EP4CFG
  X:E6A4H         SYMBOL        EP4CS
  X:E6ADH         SYMBOL        EP4FIFOBCH
  X:E6AEH         SYMBOL        EP4FIFOBCL
  X:F400H         SYMBOL        EP4FIFOBUF
  X:E619H         SYMBOL        EP4FIFOCFG
  X:E6A8H         SYMBOL        EP4FIFOFLGS
  X:E652H         SYMBOL        EP4FIFOIE
  X:E653H         SYMBOL        EP4FIFOIRQ
  X:E632H         SYMBOL        EP4FIFOPFH
  X:E633H         SYMBOL        EP4FIFOPFL
  X:E6DAH         SYMBOL        EP4GPIFFLGSEL
  X:E6DBH         SYMBOL        EP4GPIFPFSTOP
  X:E6D0H         SYMBOL        EP4GPIFTCH
  X:E6D1H         SYMBOL        EP4GPIFTCL
  X:E6DCH         SYMBOL        EP4GPIFTRIG
  X:E641H         SYMBOL        EP4ISOINPKTS
  D:00ACH         SYMBOL        EP68FIFOFLGS
  X:E624H         SYMBOL        EP6AUTOINLENH
  X:E625H         SYMBOL        EP6AUTOINLENL
  X:E698H         SYMBOL        EP6BCH
  X:E699H         SYMBOL        EP6BCL
  X:E614H         SYMBOL        EP6CFG
  X:E6A5H         SYMBOL        EP6CS
  X:E6AFH         SYMBOL        EP6FIFOBCH
  X:E6B0H         SYMBOL        EP6FIFOBCL
BL51 BANKED LINKER/LOCATER V6.11                                                      12/04/2017  15:36:10  PAGE 32


  X:F800H         SYMBOL        EP6FIFOBUF
  X:E61AH         SYMBOL        EP6FIFOCFG
  X:E6A9H         SYMBOL        EP6FIFOFLGS
  X:E654H         SYMBOL        EP6FIFOIE
  X:E655H         SYMBOL        EP6FIFOIRQ
  X:E634H         SYMBOL        EP6FIFOPFH
[...]
  B:00B8H.1       SYMBOL        PT0
  B:00B8H.3       SYMBOL        PT1
  B:00B8H.5       SYMBOL        PT2
  B:00F8H.0       SYMBOL        PUSB
  B:00B8H.0       SYMBOL        PX0
  B:00B8H.2       SYMBOL        PX1
  B:0098H.2       SYMBOL        RB8
BL51 BANKED LINKER/LOCATER V6.11                                                      12/04/2017  15:36:10  PAGE 35


  B:00C0H.2       SYMBOL        RB81
  D:00CBH         SYMBOL        RCAP2H
  D:00CAH         SYMBOL        RCAP2L
  B:00C8H.5       SYMBOL        RCLK
  B:0098H.4       SYMBOL        REN
  B:00C0H.4       SYMBOL        REN1
  B:00D8H.4       SYMBOL        RESI
  X:E480H         SYMBOL        RES_WAVEDATA_END
  X:E60BH         SYMBOL        REVCTL
  X:E60AH         SYMBOL        REVID
  B:0098H.0       SYMBOL        RI
  B:00C0H.0       SYMBOL        RI1
  B:00D0H.3       SYMBOL        RS0
  B:00D0H.4       SYMBOL        RS1
  D:0099H         SYMBOL        SBUF0
  D:00C1H         SYMBOL        SBUF1
  D:0098H         SYMBOL        SCON0
  D:00C0H         SYMBOL        SCON1
  X:E6B8H         SYMBOL        SETUPDAT
  B:0098H.7       SYMBOL        SM0
  B:00C0H.7       SYMBOL        SM01
  B:0098H.6       SYMBOL        SM1
  B:00C0H.6       SYMBOL        SM11
  B:0098H.5       SYMBOL        SM2
  B:00C0H.5       SYMBOL        SM21
  B:00D8H.7       SYMBOL        SMOD1
  D:0081H         SYMBOL        SP
  X:E6B5H         SYMBOL        SUDPTRCTL
  X:E6B3H         SYMBOL        SUDPTRH
  X:E6B4H         SYMBOL        SUDPTRL
  N:0000H         SYMBOL        SUSP
  X:E681H         SYMBOL        SUSPEND
  D:00C8H         SYMBOL        T2CON
  B:0098H.3       SYMBOL        TB8
  B:00C0H.3       SYMBOL        TB81
  B:00C8H.4       SYMBOL        TCLK
  D:0088H         SYMBOL        TCON
  X:E6F9H         SYMBOL        TESTCFG
  B:0088H.5       SYMBOL        TF0
  B:0088H.7       SYMBOL        TF1
  B:00C8H.7       SYMBOL        TF2
  D:008CH         SYMBOL        TH0
  D:008DH         SYMBOL        TH1
  D:00CDH         SYMBOL        TH2
  B:0098H.1       SYMBOL        TI
  B:00C0H.1       SYMBOL        TI1
  D:008AH         SYMBOL        TL0
  D:008BH         SYMBOL        TL1
  D:00CCH         SYMBOL        TL2
  D:0089H         SYMBOL        TMOD
  X:E683H         SYMBOL        TOGCTL
  B:0088H.4       SYMBOL        TR0
  B:0088H.6       SYMBOL        TR1
  B:00C8H.2       SYMBOL        TR2
  X:E608H         SYMBOL        UART230
  X:E67DH         SYMBOL        UDMACRCH
  X:E67EH         SYMBOL        UDMACRCL
BL51 BANKED LINKER/LOCATER V6.11                                                      12/04/2017  15:36:10  PAGE 36


  X:E67FH         SYMBOL        UDMACRCQUAL
  X:E680H         SYMBOL        USBCS
  X:E662H         SYMBOL        USBERRIE
  X:E663H         SYMBOL        USBERRIRQ
  X:E684H         SYMBOL        USBFRAMEH
  X:E685H         SYMBOL        USBFRAMEL
  X:E65CH         SYMBOL        USBIE
  X:E65DH         SYMBOL        USBIRQ
  X:E6FAH         SYMBOL        USBTEST
  X:E682H         SYMBOL        WAKEUPCS
  X:E6F0H         SYMBOL        XGPIFSGLDATH
  X:E6F2H         SYMBOL        XGPIFSGLDATLNOX
  X:E6F1H         SYMBOL        XGPIFSGLDATLX
  C:08D6H         LINE#         22
  C:08D9H         LINE#         23
  C:08DAH         LINE#         24
  C:08DCH         LINE#         25
  C:08DDH         LINE#         27
  C:08E0H         LINE#         28
  C:08E1H         LINE#         30
  C:08E4H         LINE#         32
  C:08E5H         LINE#         33
  C:08E6H         LINE#         34
  C:08E7H         LINE#         35
  C:08E8H         LINE#         36
  C:08E9H         LINE#         37
  -------         ENDMOD        SUSP

  -------         MODULE        DELAY
  C:0000H         SYMBOL        _ICE_DUMMY_
  C:0BD1H         PUBLIC        _EZUSB_Delay
  -------         PROC          _EZUSB_DELAY
  D:0018H         SYMBOL        ms
  C:0BD1H         LINE#         39
  C:0BD5H         LINE#         40
  C:0BD5H         LINE#         46
  C:0BDDH         LINE#         47
  C:0BEFH         LINE#         48
  C:0BF9H         LINE#         49
  C:0C04H         LINE#         51
  C:0C11H         LINE#         52
  C:0C16H         LINE#         53
  -------         ENDPROC       _EZUSB_DELAY
  -------         ENDMOD        DELAY

  -------         MODULE        DELAY1MS
  C:08D6H         SEGMENT       EZUSB
  C:08EAH         PUBLIC        EZUSB_DELAY1MS
  B:00D0H.6       SYMBOL        AC
  D:00E0H         SYMBOL        ACC
  D:009AH         SYMBOL        APTR1H
  D:009BH         SYMBOL        APTR1L
  D:009AH         SYMBOL        AUTOPTR1H
  D:009BH         SYMBOL        AUTOPTR1L
  D:009AH         SYMBOL        AUTOPTRH1
  D:009DH         SYMBOL        AUTOPTRH2
  D:009BH         SYMBOL        AUTOPTRL1
BL51 BANKED LINKER/LOCATER V6.11                                                      12/04/2017  15:36:10  PAGE 37


  D:009EH         SYMBOL        AUTOPTRL2
  D:00AFH         SYMBOL        AUTOPTRSETUP
  D:00F0H         SYMBOL        B
  X:E606H         SYMBOL        BPADDRH
  X:E607H         SYMBOL        BPADDRL
  X:E605H         SYMBOL        BREAKPT
  D:008EH         SYMBOL        CKCON
  X:E665H         SYMBOL        CLRERRCNT
  X:E600H         SYMBOL        CPUCS
  B:00C8H.0       SYMBOL        CP_RL2
  X:E6FBH         SYMBOL        CT1
  X:E6FCH         SYMBOL        CT2
  X:E6FDH         SYMBOL        CT3
  X:E6FEH         SYMBOL        CT4
  B:00D0H.7       SYMBOL        CY
  B:00C8H.1       SYMBOL        C_T2
  X:E6F8H         SYMBOL        DBUG
  N:0000H         SYMBOL        DELAY1MS
  D:0083H         SYMBOL        DPH
  D:0085H         SYMBOL        DPH1
  D:0082H         SYMBOL        DPL
  D:0084H         SYMBOL        DPL1
  D:0086H         SYMBOL        DPS
  B:00A8H.7       SYMBOL        EA
  X:E62AH         SYMBOL        ECC1B0
  X:E62BH         SYMBOL        ECC1B1
  X:E62CH         SYMBOL        ECC1B2
  X:E62DH         SYMBOL        ECC2B0
  X:E62EH         SYMBOL        ECC2B1
  X:E62FH         SYMBOL        ECC2B2
  X:E628H         SYMBOL        ECCCFG
  X:E629H         SYMBOL        ECCRESET
  B:00E8H.1       SYMBOL        EI2C
  D:00D8H         SYMBOL        EICON
  D:00E8H         SYMBOL        EIE
  B:00E8H.2       SYMBOL        EIEX4
  B:00E8H.3       SYMBOL        EIEX5
  B:00E8H.4       SYMBOL        EIEX6
  D:00F8H         SYMBOL        EIP
  B:00F8H.2       SYMBOL        EIPX4
  B:00F8H.3       SYMBOL        EIPX5
  B:00F8H.4       SYMBOL        EIPX6
  D:00BAH         SYMBOL        EP01STAT
  X:E68AH         SYMBOL        EP0BCH
  X:E68BH         SYMBOL        EP0BCL
  X:E740H         SYMBOL        EP0BUF
  X:E6A0H         SYMBOL        EP0CS
  X:E68FH         SYMBOL        EP1INBC
  X:E7C0H         SYMBOL        EP1INBUF
  X:E611H         SYMBOL        EP1INCFG
  X:E6A2H         SYMBOL        EP1INCS
  X:E68DH         SYMBOL        EP1OUTBC
  X:E780H         SYMBOL        EP1OUTBUF
  X:E610H         SYMBOL        EP1OUTCFG
  X:E6A1H         SYMBOL        EP1OUTCS
  D:00AAH         SYMBOL        EP2468STAT
  D:00ABH         SYMBOL        EP24FIFOFLGS
BL51 BANKED LINKER/LOCATER V6.11                                                      12/04/2017  15:36:10  PAGE 38


  X:E620H         SYMBOL        EP2AUTOINLENH
  X:E621H         SYMBOL        EP2AUTOINLENL
  X:E690H         SYMBOL        EP2BCH
  X:E691H         SYMBOL        EP2BCL
  X:E612H         SYMBOL        EP2CFG
  X:E6A3H         SYMBOL        EP2CS
  X:E6ABH         SYMBOL        EP2FIFOBCH
  X:E6ACH         SYMBOL        EP2FIFOBCL
  X:F000H         SYMBOL        EP2FIFOBUF
  X:E618H         SYMBOL        EP2FIFOCFG
  X:E6A7H         SYMBOL        EP2FIFOFLGS
  X:E650H         SYMBOL        EP2FIFOIE
  X:E651H         SYMBOL        EP2FIFOIRQ
  X:E630H         SYMBOL        EP2FIFOPFH
  X:E631H         SYMBOL        EP2FIFOPFL
  X:E6D2H         SYMBOL        EP2GPIFFLGSEL
  X:E6D3H         SYMBOL        EP2GPIFPFSTOP
  X:E6D0H         SYMBOL        EP2GPIFTCH
  X:E6D1H         SYMBOL        EP2GPIFTCL
  X:E6D4H         SYMBOL        EP2GPIFTRIG
  X:E640H         SYMBOL        EP2ISOINPKTS
  X:E622H         SYMBOL        EP4AUTOINLENH
  X:E623H         SYMBOL        EP4AUTOINLENL
  X:E694H         SYMBOL        EP4BCH
  X:E695H         SYMBOL        EP4BCL
  X:E613H         SYMBOL        EP4CFG
  X:E6A4H         SYMBOL        EP4CS
  X:E6ADH         SYMBOL        EP4FIFOBCH
  X:E6AEH         SYMBOL        EP4FIFOBCL
  X:F400H         SYMBOL        EP4FIFOBUF
  X:E619H         SYMBOL        EP4FIFOCFG
  X:E6A8H         SYMBOL        EP4FIFOFLGS
  X:E652H         SYMBOL        EP4FIFOIE
  X:E653H         SYMBOL        EP4FIFOIRQ
  X:E632H         SYMBOL        EP4FIFOPFH
  X:E633H         SYMBOL        EP4FIFOPFL
  X:E6DAH         SYMBOL        EP4GPIFFLGSEL
  X:E6DBH         SYMBOL        EP4GPIFPFSTOP
  X:E6D0H         SYMBOL        EP4GPIFTCH
  X:E6D1H         SYMBOL        EP4GPIFTCL
  X:E6DCH         SYMBOL        EP4GPIFTRIG
  X:E641H         SYMBOL        EP4ISOINPKTS
  D:00ACH         SYMBOL        EP68FIFOFLGS
  X:E624H         SYMBOL        EP6AUTOINLENH
  X:E625H         SYMBOL        EP6AUTOINLENL
  X:E698H         SYMBOL        EP6BCH
  X:E699H         SYMBOL        EP6BCL
  X:E614H         SYMBOL        EP6CFG
  X:E6A5H         SYMBOL        EP6CS
  X:E6AFH         SYMBOL        EP6FIFOBCH
  X:E6B0H         SYMBOL        EP6FIFOBCL
  X:F800H         SYMBOL        EP6FIFOBUF
  X:E61AH         SYMBOL        EP6FIFOCFG
  X:E6A9H         SYMBOL        EP6FIFOFLGS
  X:E654H         SYMBOL        EP6FIFOIE
  X:E655H         SYMBOL        EP6FIFOIRQ
  X:E634H         SYMBOL        EP6FIFOPFH
BL51 BANKED LINKER/LOCATER V6.11                                                      12/04/2017  15:36:10  PAGE 39


  X:E635H         SYMBOL        EP6FIFOPFL
  X:E6E2H         SYMBOL        EP6GPIFFLGSEL
  X:E6E3H         SYMBOL        EP6GPIFPFSTOP
  X:E6D0H         SYMBOL        EP6GPIFTCH
  X:E6D1H         SYMBOL        EP6GPIFTCL
  X:E6E4H         SYMBOL        EP6GPIFTRIG
  X:E642H         SYMBOL        EP6ISOINPKTS
  X:E626H         SYMBOL        EP8AUTOINLENH
  X:E627H         SYMBOL        EP8AUTOINLENL
  X:E69CH         SYMBOL        EP8BCH
  X:E69DH         SYMBOL        EP8BCL
  X:E615H         SYMBOL        EP8CFG
  X:E6A6H         SYMBOL        EP8CS
  X:E6B1H         SYMBOL        EP8FIFOBCH
  X:E6B2H         SYMBOL        EP8FIFOBCL
  X:FC00H         SYMBOL        EP8FIFOBUF
  X:E61BH         SYMBOL        EP8FIFOCFG
  X:E6AAH         SYMBOL        EP8FIFOFLGS
  X:E656H         SYMBOL        EP8FIFOIE
  X:E657H         SYMBOL        EP8FIFOIRQ
  X:E636H         SYMBOL        EP8FIFOPFH
  X:E637H         SYMBOL        EP8FIFOPFL
  X:E6EAH         SYMBOL        EP8GPIFFLGSEL
  X:E6EBH         SYMBOL        EP8GPIFPFSTOP
  X:E6D0H         SYMBOL        EP8GPIFTCH
  X:E6D1H         SYMBOL        EP8GPIFTCL
  X:E6ECH         SYMBOL        EP8GPIFTRIG
  X:E643H         SYMBOL        EP8ISOINPKTS
  X:E65EH         SYMBOL        EPIE
  X:E65FH         SYMBOL        EPIRQ
  B:00D8H.5       SYMBOL        ERESI
  X:E664H         SYMBOL        ERRCNTLIM
  C:08FAH         SYMBOL        ER_END
  B:00A8H.4       SYMBOL        ES0
  B:00A8H.6       SYMBOL        ES1
  B:00A8H.1       SYMBOL        ET0
  B:00A8H.3       SYMBOL        ET1
  B:00A8H.5       SYMBOL        ET2
  B:00E8H.0       SYMBOL        EUSB
  B:00A8H.0       SYMBOL        EX0
  B:00A8H.2       SYMBOL        EX1
  B:00C8H.3       SYMBOL        EXEN2
  B:00C8H.6       SYMBOL        EXF2
  D:0091H         SYMBOL        EXIF
  X:E67BH         SYMBOL        EXTAUTODAT1
  X:E67CH         SYMBOL        EXTAUTODAT2
  B:00D0H.5       SYMBOL        F0
  X:E609H         SYMBOL        FIFOPINPOLAR
  X:E604H         SYMBOL        FIFORESET
  B:00D0H.1       SYMBOL        FL
  X:E6CCH         SYMBOL        FLOWEDGE
  X:E6C8H         SYMBOL        FLOWEQ0CTL
  X:E6C9H         SYMBOL        FLOWEQ1CTL
  X:E6C7H         SYMBOL        FLOWLOGIC
  X:E6C6H         SYMBOL        FLOWSTATE
  X:E6CBH         SYMBOL        FLOWSTB
  X:E6CDH         SYMBOL        FLOWSTBHPERIOD
BL51 BANKED LINKER/LOCATER V6.11                                                      12/04/2017  15:36:10  PAGE 40


  X:E687H         SYMBOL        FNADDR
  X:E509H         SYMBOL        GPCR2
  X:E6F5H         SYMBOL        GPIFABORT
  X:E6C4H         SYMBOL        GPIFADRH
  X:E6C5H         SYMBOL        GPIFADRL
  X:E6C3H         SYMBOL        GPIFCTLCFG
  X:E60CH         SYMBOL        GPIFHOLDAMOUNT
  X:E6C1H         SYMBOL        GPIFIDLECS
  X:E6C2H         SYMBOL        GPIFIDLECTL
  X:E660H         SYMBOL        GPIFIE
  X:E661H         SYMBOL        GPIFIRQ
  X:E6F3H         SYMBOL        GPIFREADYCFG
  X:E6F4H         SYMBOL        GPIFREADYSTAT
  D:00BDH         SYMBOL        GPIFSGLDATH
  D:00BFH         SYMBOL        GPIFSGLDATLNOX
  D:00BEH         SYMBOL        GPIFSGLDATLX
  X:E6D1H         SYMBOL        GPIFTCB0
  X:E6D0H         SYMBOL        GPIFTCB1
  X:E6CFH         SYMBOL        GPIFTCB2
  X:E6CEH         SYMBOL        GPIFTCB3
  D:00BBH         SYMBOL        GPIFTRIG
  X:E6C0H         SYMBOL        GPIFWFSELECT
  X:E400H         SYMBOL        GPIF_WAVE_DATA
  X:E678H         SYMBOL        I2CS
  X:E67AH         SYMBOL        I2CTL
  X:E679H         SYMBOL        I2DAT
  X:E658H         SYMBOL        IBNIE
  X:E659H         SYMBOL        IBNIRQ
  D:00A8H         SYMBOL        IE
  B:0088H.1       SYMBOL        IE0
  B:0088H.3       SYMBOL        IE1
  X:E601H         SYMBOL        IFCONFIG
  X:E648H         SYMBOL        INPKTEND
  D:00A1H         SYMBOL        INT2CLR
  X:E666H         SYMBOL        INT2IVEC
  D:00A2H         SYMBOL        INT4CLR
  X:E667H         SYMBOL        INT4IVEC
  B:00D8H.3       SYMBOL        INT6
  X:E668H         SYMBOL        INTSETUP
  D:0080H         SYMBOL        IOA
  D:0090H         SYMBOL        IOB
  D:00A0H         SYMBOL        IOC
  D:00B0H         SYMBOL        IOD
  D:00B1H         SYMBOL        IOE
  D:00B8H         SYMBOL        IP
  B:0088H.0       SYMBOL        IT0
  B:0088H.2       SYMBOL        IT1
  C:08F3H         SYMBOL        LOOP
  X:E686H         SYMBOL        MICROFRAME
  D:0092H         SYMBOL        MPAGE
  X:E65AH         SYMBOL        NAKIE
  X:E65BH         SYMBOL        NAKIRQ
  D:00B2H         SYMBOL        OEA
  D:00B3H         SYMBOL        OEB
  D:00B4H         SYMBOL        OEC
  D:00B5H         SYMBOL        OED
  D:00B6H         SYMBOL        OEE
BL51 BANKED LINKER/LOCATER V6.11                                                      12/04/2017  15:36:10  PAGE 41


  X:E649H         SYMBOL        OUTPKTEND
  B:00D0H.2       SYMBOL        OV
  B:00D0H.0       SYMBOL        P
  B:0080H.0       SYMBOL        PA0
  B:0080H.1       SYMBOL        PA1
  B:0080H.2       SYMBOL        PA2
  B:0080H.3       SYMBOL        PA3
  B:0080H.4       SYMBOL        PA4
  B:0080H.5       SYMBOL        PA5
  B:0080H.6       SYMBOL        PA6
  B:0080H.7       SYMBOL        PA7
  B:0090H.0       SYMBOL        PB0
  B:0090H.1       SYMBOL        PB1
  B:0090H.2       SYMBOL        PB2
  B:0090H.3       SYMBOL        PB3
  B:0090H.4       SYMBOL        PB4
  B:0090H.5       SYMBOL        PB5
  B:0090H.6       SYMBOL        PB6
  B:0090H.7       SYMBOL        PB7
  B:00A0H.0       SYMBOL        PC0
  B:00A0H.1       SYMBOL        PC1
  B:00A0H.2       SYMBOL        PC2
  B:00A0H.3       SYMBOL        PC3
  B:00A0H.4       SYMBOL        PC4
  B:00A0H.5       SYMBOL        PC5
  B:00A0H.6       SYMBOL        PC6
  B:00A0H.7       SYMBOL        PC7
  D:0087H         SYMBOL        PCON
  B:00B0H.0       SYMBOL        PD0
  B:00B0H.1       SYMBOL        PD1
  B:00B0H.2       SYMBOL        PD2
  B:00B0H.3       SYMBOL        PD3
  B:00B0H.4       SYMBOL        PD4
  B:00B0H.5       SYMBOL        PD5
  B:00B0H.6       SYMBOL        PD6
  B:00B0H.7       SYMBOL        PD7
  B:00F8H.1       SYMBOL        PI2C
  X:E602H         SYMBOL        PINFLAGSAB
  X:E603H         SYMBOL        PINFLAGSCD
  X:E670H         SYMBOL        PORTACFG
  X:E671H         SYMBOL        PORTCCFG
  X:E672H         SYMBOL        PORTECFG
  B:00B8H.4       SYMBOL        PS0
  B:00B8H.6       SYMBOL        PS1
  D:00D0H         SYMBOL        PSW
  B:00B8H.1       SYMBOL        PT0
  B:00B8H.3       SYMBOL        PT1
  B:00B8H.5       SYMBOL        PT2
  B:00F8H.0       SYMBOL        PUSB
  B:00B8H.0       SYMBOL        PX0
  B:00B8H.2       SYMBOL        PX1
  B:0098H.2       SYMBOL        RB8
  B:00C0H.2       SYMBOL        RB81
  D:00CBH         SYMBOL        RCAP2H
  D:00CAH         SYMBOL        RCAP2L
  B:00C8H.5       SYMBOL        RCLK
  B:0098H.4       SYMBOL        REN
BL51 BANKED LINKER/LOCATER V6.11                                                      12/04/2017  15:36:10  PAGE 42


  B:00C0H.4       SYMBOL        REN1
  B:00D8H.4       SYMBOL        RESI
  X:E480H         SYMBOL        RES_WAVEDATA_END
  X:E60BH         SYMBOL        REVCTL
  X:E60AH         SYMBOL        REVID
  B:0098H.0       SYMBOL        RI
  B:00C0H.0       SYMBOL        RI1
  B:00D0H.3       SYMBOL        RS0
  B:00D0H.4       SYMBOL        RS1
  D:0099H         SYMBOL        SBUF0
  D:00C1H         SYMBOL        SBUF1
  D:0098H         SYMBOL        SCON0
  D:00C0H         SYMBOL        SCON1
  X:E6B8H         SYMBOL        SETUPDAT
  B:0098H.7       SYMBOL        SM0
  B:00C0H.7       SYMBOL        SM01
  B:0098H.6       SYMBOL        SM1
  B:00C0H.6       SYMBOL        SM11
  B:0098H.5       SYMBOL        SM2
  B:00C0H.5       SYMBOL        SM21
  B:00D8H.7       SYMBOL        SMOD1
  D:0081H         SYMBOL        SP
  X:E6B5H         SYMBOL        SUDPTRCTL
  X:E6B3H         SYMBOL        SUDPTRH
  X:E6B4H         SYMBOL        SUDPTRL
  X:E681H         SYMBOL        SUSPEND
  D:00C8H         SYMBOL        T2CON
  B:0098H.3       SYMBOL        TB8
  B:00C0H.3       SYMBOL        TB81
  B:00C8H.4       SYMBOL        TCLK
  D:0088H         SYMBOL        TCON
  X:E6F9H         SYMBOL        TESTCFG
  B:0088H.5       SYMBOL        TF0
  B:0088H.7       SYMBOL        TF1
  B:00C8H.7       SYMBOL        TF2
  D:008CH         SYMBOL        TH0
  D:008DH         SYMBOL        TH1
  D:00CDH         SYMBOL        TH2
  B:0098H.1       SYMBOL        TI
  B:00C0H.1       SYMBOL        TI1
  D:008AH         SYMBOL        TL0
  D:008BH         SYMBOL        TL1
  D:00CCH         SYMBOL        TL2
  D:0089H         SYMBOL        TMOD
  X:E683H         SYMBOL        TOGCTL
  B:0088H.4       SYMBOL        TR0
  B:0088H.6       SYMBOL        TR1
  B:00C8H.2       SYMBOL        TR2
  X:E608H         SYMBOL        UART230
  X:E67DH         SYMBOL        UDMACRCH
  X:E67EH         SYMBOL        UDMACRCL
  X:E67FH         SYMBOL        UDMACRCQUAL
  X:E680H         SYMBOL        USBCS
  X:E662H         SYMBOL        USBERRIE
  X:E663H         SYMBOL        USBERRIRQ
  X:E684H         SYMBOL        USBFRAMEH
  X:E685H         SYMBOL        USBFRAMEL
BL51 BANKED LINKER/LOCATER V6.11                                                      12/04/2017  15:36:10  PAGE 43


  X:E65CH         SYMBOL        USBIE
  X:E65DH         SYMBOL        USBIRQ
  X:E6FAH         SYMBOL        USBTEST
  X:E682H         SYMBOL        WAKEUPCS
  X:E6F0H         SYMBOL        XGPIFSGLDATH
  X:E6F2H         SYMBOL        XGPIFSGLDATLNOX
  X:E6F1H         SYMBOL        XGPIFSGLDATLX
  C:08EAH         LINE#         48
  C:08ECH         LINE#         49
  C:08EEH         LINE#         50
  C:08F1H         LINE#         51
  C:08F3H         LINE#         53
  C:08F4H         LINE#         54
  C:08F6H         LINE#         55
  C:08F8H         LINE#         56
  C:08FAH         LINE#         58
  -------         ENDMOD        DELAY1MS

  -------         MODULE        ?C?ULCMP
  C:0D90H         PUBLIC        ?C?ULCMP
  -------         ENDMOD        ?C?ULCMP

Program Size: data=54.6 xdata=4657 code=3318
LINK/LOCATE RUN COMPLETE.  0 WARNING(S),  0 ERROR(S)
